Archive member included to satisfy reference by file (symbol)

c:/program files (x86)/atmel/studio/7.0/toolchain/avr8/avr8-gnu-toolchain/bin/../lib/gcc/avr/5.4.0/../../../../avr/lib/avr5\libm.a(addsf3.o)
                              main.o (__addsf3)
c:/program files (x86)/atmel/studio/7.0/toolchain/avr8/avr8-gnu-toolchain/bin/../lib/gcc/avr/5.4.0/../../../../avr/lib/avr5\libm.a(addsf3x.o)
                              c:/program files (x86)/atmel/studio/7.0/toolchain/avr8/avr8-gnu-toolchain/bin/../lib/gcc/avr/5.4.0/../../../../avr/lib/avr5\libm.a(addsf3.o) (__addsf3x)
c:/program files (x86)/atmel/studio/7.0/toolchain/avr8/avr8-gnu-toolchain/bin/../lib/gcc/avr/5.4.0/../../../../avr/lib/avr5\libm.a(divsf3.o)
                              ADC/ad_konverzija.o (__divsf3)
c:/program files (x86)/atmel/studio/7.0/toolchain/avr8/avr8-gnu-toolchain/bin/../lib/gcc/avr/5.4.0/../../../../avr/lib/avr5\libm.a(divsf3x.o)
                              c:/program files (x86)/atmel/studio/7.0/toolchain/avr8/avr8-gnu-toolchain/bin/../lib/gcc/avr/5.4.0/../../../../avr/lib/avr5\libm.a(divsf3.o) (__divsf3x)
c:/program files (x86)/atmel/studio/7.0/toolchain/avr8/avr8-gnu-toolchain/bin/../lib/gcc/avr/5.4.0/../../../../avr/lib/avr5\libm.a(fixunssfsi.o)
                              ADC/ad_konverzija.o (__fixunssfsi)
c:/program files (x86)/atmel/studio/7.0/toolchain/avr8/avr8-gnu-toolchain/bin/../lib/gcc/avr/5.4.0/../../../../avr/lib/avr5\libm.a(floatsisf.o)
                              ADC/ad_konverzija.o (__floatunsisf)
c:/program files (x86)/atmel/studio/7.0/toolchain/avr8/avr8-gnu-toolchain/bin/../lib/gcc/avr/5.4.0/../../../../avr/lib/avr5\libm.a(fp_inf.o)
                              c:/program files (x86)/atmel/studio/7.0/toolchain/avr8/avr8-gnu-toolchain/bin/../lib/gcc/avr/5.4.0/../../../../avr/lib/avr5\libm.a(addsf3x.o) (__fp_inf)
c:/program files (x86)/atmel/studio/7.0/toolchain/avr8/avr8-gnu-toolchain/bin/../lib/gcc/avr/5.4.0/../../../../avr/lib/avr5\libm.a(fp_nan.o)
                              c:/program files (x86)/atmel/studio/7.0/toolchain/avr8/avr8-gnu-toolchain/bin/../lib/gcc/avr/5.4.0/../../../../avr/lib/avr5\libm.a(addsf3x.o) (__fp_nan)
c:/program files (x86)/atmel/studio/7.0/toolchain/avr8/avr8-gnu-toolchain/bin/../lib/gcc/avr/5.4.0/../../../../avr/lib/avr5\libm.a(fp_pscA.o)
                              c:/program files (x86)/atmel/studio/7.0/toolchain/avr8/avr8-gnu-toolchain/bin/../lib/gcc/avr/5.4.0/../../../../avr/lib/avr5\libm.a(addsf3x.o) (__fp_pscA)
c:/program files (x86)/atmel/studio/7.0/toolchain/avr8/avr8-gnu-toolchain/bin/../lib/gcc/avr/5.4.0/../../../../avr/lib/avr5\libm.a(fp_pscB.o)
                              c:/program files (x86)/atmel/studio/7.0/toolchain/avr8/avr8-gnu-toolchain/bin/../lib/gcc/avr/5.4.0/../../../../avr/lib/avr5\libm.a(addsf3x.o) (__fp_pscB)
c:/program files (x86)/atmel/studio/7.0/toolchain/avr8/avr8-gnu-toolchain/bin/../lib/gcc/avr/5.4.0/../../../../avr/lib/avr5\libm.a(fp_round.o)
                              c:/program files (x86)/atmel/studio/7.0/toolchain/avr8/avr8-gnu-toolchain/bin/../lib/gcc/avr/5.4.0/../../../../avr/lib/avr5\libm.a(addsf3.o) (__fp_round)
c:/program files (x86)/atmel/studio/7.0/toolchain/avr8/avr8-gnu-toolchain/bin/../lib/gcc/avr/5.4.0/../../../../avr/lib/avr5\libm.a(fp_split3.o)
                              c:/program files (x86)/atmel/studio/7.0/toolchain/avr8/avr8-gnu-toolchain/bin/../lib/gcc/avr/5.4.0/../../../../avr/lib/avr5\libm.a(addsf3x.o) (__fp_split3)
c:/program files (x86)/atmel/studio/7.0/toolchain/avr8/avr8-gnu-toolchain/bin/../lib/gcc/avr/5.4.0/../../../../avr/lib/avr5\libm.a(fp_zero.o)
                              c:/program files (x86)/atmel/studio/7.0/toolchain/avr8/avr8-gnu-toolchain/bin/../lib/gcc/avr/5.4.0/../../../../avr/lib/avr5\libm.a(addsf3x.o) (__fp_zero)
c:/program files (x86)/atmel/studio/7.0/toolchain/avr8/avr8-gnu-toolchain/bin/../lib/gcc/avr/5.4.0/../../../../avr/lib/avr5\libm.a(mulsf3.o)
                              ADC/ad_konverzija.o (__mulsf3)
c:/program files (x86)/atmel/studio/7.0/toolchain/avr8/avr8-gnu-toolchain/bin/../lib/gcc/avr/5.4.0/../../../../avr/lib/avr5\libm.a(mulsf3x.o)
                              c:/program files (x86)/atmel/studio/7.0/toolchain/avr8/avr8-gnu-toolchain/bin/../lib/gcc/avr/5.4.0/../../../../avr/lib/avr5\libm.a(mulsf3.o) (__mulsf3x)
c:/program files (x86)/atmel/studio/7.0/toolchain/avr8/avr8-gnu-toolchain/bin/../lib/gcc/avr/5.4.0/avr5\libgcc.a(_exit.o)
                              C:/Program Files (x86)/Atmel/Studio/7.0/Packs/atmel/ATmega_DFP/1.2.209/gcc/dev/atmega328p/avr5/crtatmega328p.o (exit)
c:/program files (x86)/atmel/studio/7.0/toolchain/avr8/avr8-gnu-toolchain/bin/../lib/gcc/avr/5.4.0/avr5\libgcc.a(_tablejump2.o)
                              main.o (__tablejump2__)
c:/program files (x86)/atmel/studio/7.0/toolchain/avr8/avr8-gnu-toolchain/bin/../lib/gcc/avr/5.4.0/avr5\libgcc.a(_copy_data.o)
                              lcd-1602/ispomoc_za_ispis.o (__do_copy_data)
c:/program files (x86)/atmel/studio/7.0/toolchain/avr8/avr8-gnu-toolchain/bin/../lib/gcc/avr/5.4.0/avr5\libgcc.a(_clear_bss.o)
                              ADC/ad_konverzija.o (__do_clear_bss)
c:/program files (x86)/atmel/studio/7.0/toolchain/avr8/avr8-gnu-toolchain/bin/../lib/gcc/avr/5.4.0/../../../../avr/lib/avr5\libc.a(dtostrf.o)
                              main.o (dtostrf)
c:/program files (x86)/atmel/studio/7.0/toolchain/avr8/avr8-gnu-toolchain/bin/../lib/gcc/avr/5.4.0/../../../../avr/lib/avr5\libc.a(sprintf.o)
                              lcd-1602/ispomoc_za_ispis.o (sprintf)
c:/program files (x86)/atmel/studio/7.0/toolchain/avr8/avr8-gnu-toolchain/bin/../lib/gcc/avr/5.4.0/../../../../avr/lib/avr5\libc.a(vfprintf_std.o)
                              c:/program files (x86)/atmel/studio/7.0/toolchain/avr8/avr8-gnu-toolchain/bin/../lib/gcc/avr/5.4.0/../../../../avr/lib/avr5\libc.a(sprintf.o) (vfprintf)
c:/program files (x86)/atmel/studio/7.0/toolchain/avr8/avr8-gnu-toolchain/bin/../lib/gcc/avr/5.4.0/../../../../avr/lib/avr5\libc.a(dtoa_prf.o)
                              c:/program files (x86)/atmel/studio/7.0/toolchain/avr8/avr8-gnu-toolchain/bin/../lib/gcc/avr/5.4.0/../../../../avr/lib/avr5\libc.a(dtostrf.o) (dtoa_prf)
c:/program files (x86)/atmel/studio/7.0/toolchain/avr8/avr8-gnu-toolchain/bin/../lib/gcc/avr/5.4.0/../../../../avr/lib/avr5\libc.a(ftoa_engine.o)
                              c:/program files (x86)/atmel/studio/7.0/toolchain/avr8/avr8-gnu-toolchain/bin/../lib/gcc/avr/5.4.0/../../../../avr/lib/avr5\libc.a(dtoa_prf.o) (__ftoa_engine)
c:/program files (x86)/atmel/studio/7.0/toolchain/avr8/avr8-gnu-toolchain/bin/../lib/gcc/avr/5.4.0/../../../../avr/lib/avr5\libc.a(strnlen_P.o)
                              c:/program files (x86)/atmel/studio/7.0/toolchain/avr8/avr8-gnu-toolchain/bin/../lib/gcc/avr/5.4.0/../../../../avr/lib/avr5\libc.a(vfprintf_std.o) (strnlen_P)
c:/program files (x86)/atmel/studio/7.0/toolchain/avr8/avr8-gnu-toolchain/bin/../lib/gcc/avr/5.4.0/../../../../avr/lib/avr5\libc.a(strnlen.o)
                              c:/program files (x86)/atmel/studio/7.0/toolchain/avr8/avr8-gnu-toolchain/bin/../lib/gcc/avr/5.4.0/../../../../avr/lib/avr5\libc.a(vfprintf_std.o) (strnlen)
c:/program files (x86)/atmel/studio/7.0/toolchain/avr8/avr8-gnu-toolchain/bin/../lib/gcc/avr/5.4.0/../../../../avr/lib/avr5\libc.a(fputc.o)
                              c:/program files (x86)/atmel/studio/7.0/toolchain/avr8/avr8-gnu-toolchain/bin/../lib/gcc/avr/5.4.0/../../../../avr/lib/avr5\libc.a(vfprintf_std.o) (fputc)
c:/program files (x86)/atmel/studio/7.0/toolchain/avr8/avr8-gnu-toolchain/bin/../lib/gcc/avr/5.4.0/../../../../avr/lib/avr5\libc.a(ultoa_invert.o)
                              c:/program files (x86)/atmel/studio/7.0/toolchain/avr8/avr8-gnu-toolchain/bin/../lib/gcc/avr/5.4.0/../../../../avr/lib/avr5\libc.a(vfprintf_std.o) (__ultoa_invert)
c:/program files (x86)/atmel/studio/7.0/toolchain/avr8/avr8-gnu-toolchain/bin/../lib/gcc/avr/5.4.0/avr5\libgcc.a(_prologue.o)
                              c:/program files (x86)/atmel/studio/7.0/toolchain/avr8/avr8-gnu-toolchain/bin/../lib/gcc/avr/5.4.0/../../../../avr/lib/avr5\libc.a(sprintf.o) (__prologue_saves__)
c:/program files (x86)/atmel/studio/7.0/toolchain/avr8/avr8-gnu-toolchain/bin/../lib/gcc/avr/5.4.0/avr5\libgcc.a(_epilogue.o)
                              c:/program files (x86)/atmel/studio/7.0/toolchain/avr8/avr8-gnu-toolchain/bin/../lib/gcc/avr/5.4.0/../../../../avr/lib/avr5\libc.a(sprintf.o) (__epilogue_restores__)

Allocating common symbols
Common symbol       size              file

input_char          0x1               Uart/uart.o
jednokratno_gasenje
                    0x9               main.o
jednokratno_paljenje
                    0x9               main.o
poslato             0x1               Uart/uart.o
buff                0xf               PushButtons/tasteri.o
snap_shot_vremena   0x9               main.o
bafer               0x14              main.o
input_buffer        0x8               Uart/uart.o
led_pin             0x1               lcd-1602/lcd1602.o
snap_vreme_gasenja  0x9               main.o
vreme_paljenja      0x9               main.o
snap_vreme_paljenja
                    0x9               main.o
vreme_gasenja       0x9               main.o
vreme_datum         0x9               main.o

Discarded input sections

 .data          0x00000000        0x0 C:/Program Files (x86)/Atmel/Studio/7.0/Packs/atmel/ATmega_DFP/1.2.209/gcc/dev/atmega328p/avr5/crtatmega328p.o
 .bss           0x00000000        0x0 C:/Program Files (x86)/Atmel/Studio/7.0/Packs/atmel/ATmega_DFP/1.2.209/gcc/dev/atmega328p/avr5/crtatmega328p.o
 .text          0x00000000        0x0 ADC/ad_konverzija.o
 .data          0x00000000        0x0 ADC/ad_konverzija.o
 .bss           0x00000000        0x0 ADC/ad_konverzija.o
 .text          0x00000000        0x0 EEPROM internal/eeprom.o
 .data          0x00000000        0x0 EEPROM internal/eeprom.o
 .bss           0x00000000        0x0 EEPROM internal/eeprom.o
 .text          0x00000000        0x0 i2cmaster/i2cmaster.o
 .data          0x00000000        0x0 i2cmaster/i2cmaster.o
 .bss           0x00000000        0x0 i2cmaster/i2cmaster.o
 .text.i2c_start
                0x00000000       0x4e i2cmaster/i2cmaster.o
 .text.i2c_rep_start
                0x00000000        0x6 i2cmaster/i2cmaster.o
 .text.i2c_readAck
                0x00000000       0x16 i2cmaster/i2cmaster.o
 .text          0x00000000        0x0 lcd-1602/ispomoc_za_ispis.o
 .data          0x00000000        0x0 lcd-1602/ispomoc_za_ispis.o
 .bss           0x00000000        0x0 lcd-1602/ispomoc_za_ispis.o
 .text          0x00000000        0x0 lcd-1602/lcd1602.o
 .data          0x00000000        0x0 lcd-1602/lcd1602.o
 .bss           0x00000000        0x0 lcd-1602/lcd1602.o
 .text          0x00000000        0x0 main.o
 .data          0x00000000        0x0 main.o
 .bss           0x00000000        0x0 main.o
 .text.byte_to_binary
                0x00000000       0x34 main.o
 .bss.b.2272    0x00000000        0x9 main.o
 .rodata.brojRedova
                0x00000000        0x1 main.o
 .text          0x00000000        0x0 PCint/pin_change_interrupt.o
 .data          0x00000000        0x0 PCint/pin_change_interrupt.o
 .bss           0x00000000        0x0 PCint/pin_change_interrupt.o
 .text          0x00000000        0x0 PushButtons/tasteri.o
 .data          0x00000000        0x0 PushButtons/tasteri.o
 .bss           0x00000000        0x0 PushButtons/tasteri.o
 COMMON         0x00000000        0xf PushButtons/tasteri.o
 .text          0x00000000        0x0 RTC DS3231/rtc_ds3231.o
 .data          0x00000000        0x0 RTC DS3231/rtc_ds3231.o
 .bss           0x00000000        0x0 RTC DS3231/rtc_ds3231.o
 .text.getDate  0x00000000       0x66 RTC DS3231/rtc_ds3231.o
 .text.setDate  0x00000000       0x4a RTC DS3231/rtc_ds3231.o
 .text.setA1Time
                0x00000000       0x6c RTC DS3231/rtc_ds3231.o
 .text.setA2Time
                0x00000000       0x56 RTC DS3231/rtc_ds3231.o
 .text.getA1Time
                0x00000000       0x66 RTC DS3231/rtc_ds3231.o
 .text.getA2Time
                0x00000000       0x66 RTC DS3231/rtc_ds3231.o
 .text.getTemp  0x00000000       0x64 RTC DS3231/rtc_ds3231.o
 .text          0x00000000        0x0 Timer/tajmer.o
 .data          0x00000000        0x0 Timer/tajmer.o
 .bss           0x00000000        0x0 Timer/tajmer.o
 .text          0x00000000        0x0 Uart/uart.o
 .data          0x00000000        0x0 Uart/uart.o
 .bss           0x00000000        0x0 Uart/uart.o
 .text          0x00000000        0x0 c:/program files (x86)/atmel/studio/7.0/toolchain/avr8/avr8-gnu-toolchain/bin/../lib/gcc/avr/5.4.0/../../../../avr/lib/avr5\libm.a(addsf3.o)
 .data          0x00000000        0x0 c:/program files (x86)/atmel/studio/7.0/toolchain/avr8/avr8-gnu-toolchain/bin/../lib/gcc/avr/5.4.0/../../../../avr/lib/avr5\libm.a(addsf3.o)
 .bss           0x00000000        0x0 c:/program files (x86)/atmel/studio/7.0/toolchain/avr8/avr8-gnu-toolchain/bin/../lib/gcc/avr/5.4.0/../../../../avr/lib/avr5\libm.a(addsf3.o)
 .text          0x00000000        0x0 c:/program files (x86)/atmel/studio/7.0/toolchain/avr8/avr8-gnu-toolchain/bin/../lib/gcc/avr/5.4.0/../../../../avr/lib/avr5\libm.a(addsf3x.o)
 .data          0x00000000        0x0 c:/program files (x86)/atmel/studio/7.0/toolchain/avr8/avr8-gnu-toolchain/bin/../lib/gcc/avr/5.4.0/../../../../avr/lib/avr5\libm.a(addsf3x.o)
 .bss           0x00000000        0x0 c:/program files (x86)/atmel/studio/7.0/toolchain/avr8/avr8-gnu-toolchain/bin/../lib/gcc/avr/5.4.0/../../../../avr/lib/avr5\libm.a(addsf3x.o)
 .text          0x00000000        0x0 c:/program files (x86)/atmel/studio/7.0/toolchain/avr8/avr8-gnu-toolchain/bin/../lib/gcc/avr/5.4.0/../../../../avr/lib/avr5\libm.a(divsf3.o)
 .data          0x00000000        0x0 c:/program files (x86)/atmel/studio/7.0/toolchain/avr8/avr8-gnu-toolchain/bin/../lib/gcc/avr/5.4.0/../../../../avr/lib/avr5\libm.a(divsf3.o)
 .bss           0x00000000        0x0 c:/program files (x86)/atmel/studio/7.0/toolchain/avr8/avr8-gnu-toolchain/bin/../lib/gcc/avr/5.4.0/../../../../avr/lib/avr5\libm.a(divsf3.o)
 .text          0x00000000        0x0 c:/program files (x86)/atmel/studio/7.0/toolchain/avr8/avr8-gnu-toolchain/bin/../lib/gcc/avr/5.4.0/../../../../avr/lib/avr5\libm.a(divsf3x.o)
 .data          0x00000000        0x0 c:/program files (x86)/atmel/studio/7.0/toolchain/avr8/avr8-gnu-toolchain/bin/../lib/gcc/avr/5.4.0/../../../../avr/lib/avr5\libm.a(divsf3x.o)
 .bss           0x00000000        0x0 c:/program files (x86)/atmel/studio/7.0/toolchain/avr8/avr8-gnu-toolchain/bin/../lib/gcc/avr/5.4.0/../../../../avr/lib/avr5\libm.a(divsf3x.o)
 .text          0x00000000        0x0 c:/program files (x86)/atmel/studio/7.0/toolchain/avr8/avr8-gnu-toolchain/bin/../lib/gcc/avr/5.4.0/../../../../avr/lib/avr5\libm.a(fixunssfsi.o)
 .data          0x00000000        0x0 c:/program files (x86)/atmel/studio/7.0/toolchain/avr8/avr8-gnu-toolchain/bin/../lib/gcc/avr/5.4.0/../../../../avr/lib/avr5\libm.a(fixunssfsi.o)
 .bss           0x00000000        0x0 c:/program files (x86)/atmel/studio/7.0/toolchain/avr8/avr8-gnu-toolchain/bin/../lib/gcc/avr/5.4.0/../../../../avr/lib/avr5\libm.a(fixunssfsi.o)
 .text          0x00000000        0x0 c:/program files (x86)/atmel/studio/7.0/toolchain/avr8/avr8-gnu-toolchain/bin/../lib/gcc/avr/5.4.0/../../../../avr/lib/avr5\libm.a(floatsisf.o)
 .data          0x00000000        0x0 c:/program files (x86)/atmel/studio/7.0/toolchain/avr8/avr8-gnu-toolchain/bin/../lib/gcc/avr/5.4.0/../../../../avr/lib/avr5\libm.a(floatsisf.o)
 .bss           0x00000000        0x0 c:/program files (x86)/atmel/studio/7.0/toolchain/avr8/avr8-gnu-toolchain/bin/../lib/gcc/avr/5.4.0/../../../../avr/lib/avr5\libm.a(floatsisf.o)
 .text          0x00000000        0x0 c:/program files (x86)/atmel/studio/7.0/toolchain/avr8/avr8-gnu-toolchain/bin/../lib/gcc/avr/5.4.0/../../../../avr/lib/avr5\libm.a(fp_inf.o)
 .data          0x00000000        0x0 c:/program files (x86)/atmel/studio/7.0/toolchain/avr8/avr8-gnu-toolchain/bin/../lib/gcc/avr/5.4.0/../../../../avr/lib/avr5\libm.a(fp_inf.o)
 .bss           0x00000000        0x0 c:/program files (x86)/atmel/studio/7.0/toolchain/avr8/avr8-gnu-toolchain/bin/../lib/gcc/avr/5.4.0/../../../../avr/lib/avr5\libm.a(fp_inf.o)
 .text          0x00000000        0x0 c:/program files (x86)/atmel/studio/7.0/toolchain/avr8/avr8-gnu-toolchain/bin/../lib/gcc/avr/5.4.0/../../../../avr/lib/avr5\libm.a(fp_nan.o)
 .data          0x00000000        0x0 c:/program files (x86)/atmel/studio/7.0/toolchain/avr8/avr8-gnu-toolchain/bin/../lib/gcc/avr/5.4.0/../../../../avr/lib/avr5\libm.a(fp_nan.o)
 .bss           0x00000000        0x0 c:/program files (x86)/atmel/studio/7.0/toolchain/avr8/avr8-gnu-toolchain/bin/../lib/gcc/avr/5.4.0/../../../../avr/lib/avr5\libm.a(fp_nan.o)
 .text          0x00000000        0x0 c:/program files (x86)/atmel/studio/7.0/toolchain/avr8/avr8-gnu-toolchain/bin/../lib/gcc/avr/5.4.0/../../../../avr/lib/avr5\libm.a(fp_pscA.o)
 .data          0x00000000        0x0 c:/program files (x86)/atmel/studio/7.0/toolchain/avr8/avr8-gnu-toolchain/bin/../lib/gcc/avr/5.4.0/../../../../avr/lib/avr5\libm.a(fp_pscA.o)
 .bss           0x00000000        0x0 c:/program files (x86)/atmel/studio/7.0/toolchain/avr8/avr8-gnu-toolchain/bin/../lib/gcc/avr/5.4.0/../../../../avr/lib/avr5\libm.a(fp_pscA.o)
 .text          0x00000000        0x0 c:/program files (x86)/atmel/studio/7.0/toolchain/avr8/avr8-gnu-toolchain/bin/../lib/gcc/avr/5.4.0/../../../../avr/lib/avr5\libm.a(fp_pscB.o)
 .data          0x00000000        0x0 c:/program files (x86)/atmel/studio/7.0/toolchain/avr8/avr8-gnu-toolchain/bin/../lib/gcc/avr/5.4.0/../../../../avr/lib/avr5\libm.a(fp_pscB.o)
 .bss           0x00000000        0x0 c:/program files (x86)/atmel/studio/7.0/toolchain/avr8/avr8-gnu-toolchain/bin/../lib/gcc/avr/5.4.0/../../../../avr/lib/avr5\libm.a(fp_pscB.o)
 .text          0x00000000        0x0 c:/program files (x86)/atmel/studio/7.0/toolchain/avr8/avr8-gnu-toolchain/bin/../lib/gcc/avr/5.4.0/../../../../avr/lib/avr5\libm.a(fp_round.o)
 .data          0x00000000        0x0 c:/program files (x86)/atmel/studio/7.0/toolchain/avr8/avr8-gnu-toolchain/bin/../lib/gcc/avr/5.4.0/../../../../avr/lib/avr5\libm.a(fp_round.o)
 .bss           0x00000000        0x0 c:/program files (x86)/atmel/studio/7.0/toolchain/avr8/avr8-gnu-toolchain/bin/../lib/gcc/avr/5.4.0/../../../../avr/lib/avr5\libm.a(fp_round.o)
 .text          0x00000000        0x0 c:/program files (x86)/atmel/studio/7.0/toolchain/avr8/avr8-gnu-toolchain/bin/../lib/gcc/avr/5.4.0/../../../../avr/lib/avr5\libm.a(fp_split3.o)
 .data          0x00000000        0x0 c:/program files (x86)/atmel/studio/7.0/toolchain/avr8/avr8-gnu-toolchain/bin/../lib/gcc/avr/5.4.0/../../../../avr/lib/avr5\libm.a(fp_split3.o)
 .bss           0x00000000        0x0 c:/program files (x86)/atmel/studio/7.0/toolchain/avr8/avr8-gnu-toolchain/bin/../lib/gcc/avr/5.4.0/../../../../avr/lib/avr5\libm.a(fp_split3.o)
 .text          0x00000000        0x0 c:/program files (x86)/atmel/studio/7.0/toolchain/avr8/avr8-gnu-toolchain/bin/../lib/gcc/avr/5.4.0/../../../../avr/lib/avr5\libm.a(fp_zero.o)
 .data          0x00000000        0x0 c:/program files (x86)/atmel/studio/7.0/toolchain/avr8/avr8-gnu-toolchain/bin/../lib/gcc/avr/5.4.0/../../../../avr/lib/avr5\libm.a(fp_zero.o)
 .bss           0x00000000        0x0 c:/program files (x86)/atmel/studio/7.0/toolchain/avr8/avr8-gnu-toolchain/bin/../lib/gcc/avr/5.4.0/../../../../avr/lib/avr5\libm.a(fp_zero.o)
 .text          0x00000000        0x0 c:/program files (x86)/atmel/studio/7.0/toolchain/avr8/avr8-gnu-toolchain/bin/../lib/gcc/avr/5.4.0/../../../../avr/lib/avr5\libm.a(mulsf3.o)
 .data          0x00000000        0x0 c:/program files (x86)/atmel/studio/7.0/toolchain/avr8/avr8-gnu-toolchain/bin/../lib/gcc/avr/5.4.0/../../../../avr/lib/avr5\libm.a(mulsf3.o)
 .bss           0x00000000        0x0 c:/program files (x86)/atmel/studio/7.0/toolchain/avr8/avr8-gnu-toolchain/bin/../lib/gcc/avr/5.4.0/../../../../avr/lib/avr5\libm.a(mulsf3.o)
 .text          0x00000000        0x0 c:/program files (x86)/atmel/studio/7.0/toolchain/avr8/avr8-gnu-toolchain/bin/../lib/gcc/avr/5.4.0/../../../../avr/lib/avr5\libm.a(mulsf3x.o)
 .data          0x00000000        0x0 c:/program files (x86)/atmel/studio/7.0/toolchain/avr8/avr8-gnu-toolchain/bin/../lib/gcc/avr/5.4.0/../../../../avr/lib/avr5\libm.a(mulsf3x.o)
 .bss           0x00000000        0x0 c:/program files (x86)/atmel/studio/7.0/toolchain/avr8/avr8-gnu-toolchain/bin/../lib/gcc/avr/5.4.0/../../../../avr/lib/avr5\libm.a(mulsf3x.o)
 .text          0x00000000        0x0 c:/program files (x86)/atmel/studio/7.0/toolchain/avr8/avr8-gnu-toolchain/bin/../lib/gcc/avr/5.4.0/avr5\libgcc.a(_exit.o)
 .data          0x00000000        0x0 c:/program files (x86)/atmel/studio/7.0/toolchain/avr8/avr8-gnu-toolchain/bin/../lib/gcc/avr/5.4.0/avr5\libgcc.a(_exit.o)
 .bss           0x00000000        0x0 c:/program files (x86)/atmel/studio/7.0/toolchain/avr8/avr8-gnu-toolchain/bin/../lib/gcc/avr/5.4.0/avr5\libgcc.a(_exit.o)
 .text.libgcc.mul
                0x00000000        0x0 c:/program files (x86)/atmel/studio/7.0/toolchain/avr8/avr8-gnu-toolchain/bin/../lib/gcc/avr/5.4.0/avr5\libgcc.a(_exit.o)
 .text.libgcc.div
                0x00000000        0x0 c:/program files (x86)/atmel/studio/7.0/toolchain/avr8/avr8-gnu-toolchain/bin/../lib/gcc/avr/5.4.0/avr5\libgcc.a(_exit.o)
 .text.libgcc   0x00000000        0x0 c:/program files (x86)/atmel/studio/7.0/toolchain/avr8/avr8-gnu-toolchain/bin/../lib/gcc/avr/5.4.0/avr5\libgcc.a(_exit.o)
 .text.libgcc.prologue
                0x00000000        0x0 c:/program files (x86)/atmel/studio/7.0/toolchain/avr8/avr8-gnu-toolchain/bin/../lib/gcc/avr/5.4.0/avr5\libgcc.a(_exit.o)
 .text.libgcc.builtins
                0x00000000        0x0 c:/program files (x86)/atmel/studio/7.0/toolchain/avr8/avr8-gnu-toolchain/bin/../lib/gcc/avr/5.4.0/avr5\libgcc.a(_exit.o)
 .text.libgcc.fmul
                0x00000000        0x0 c:/program files (x86)/atmel/studio/7.0/toolchain/avr8/avr8-gnu-toolchain/bin/../lib/gcc/avr/5.4.0/avr5\libgcc.a(_exit.o)
 .text.libgcc.fixed
                0x00000000        0x0 c:/program files (x86)/atmel/studio/7.0/toolchain/avr8/avr8-gnu-toolchain/bin/../lib/gcc/avr/5.4.0/avr5\libgcc.a(_exit.o)
 .text          0x00000000        0x0 c:/program files (x86)/atmel/studio/7.0/toolchain/avr8/avr8-gnu-toolchain/bin/../lib/gcc/avr/5.4.0/avr5\libgcc.a(_tablejump2.o)
 .data          0x00000000        0x0 c:/program files (x86)/atmel/studio/7.0/toolchain/avr8/avr8-gnu-toolchain/bin/../lib/gcc/avr/5.4.0/avr5\libgcc.a(_tablejump2.o)
 .bss           0x00000000        0x0 c:/program files (x86)/atmel/studio/7.0/toolchain/avr8/avr8-gnu-toolchain/bin/../lib/gcc/avr/5.4.0/avr5\libgcc.a(_tablejump2.o)
 .text.libgcc.mul
                0x00000000        0x0 c:/program files (x86)/atmel/studio/7.0/toolchain/avr8/avr8-gnu-toolchain/bin/../lib/gcc/avr/5.4.0/avr5\libgcc.a(_tablejump2.o)
 .text.libgcc.div
                0x00000000        0x0 c:/program files (x86)/atmel/studio/7.0/toolchain/avr8/avr8-gnu-toolchain/bin/../lib/gcc/avr/5.4.0/avr5\libgcc.a(_tablejump2.o)
 .text.libgcc.prologue
                0x00000000        0x0 c:/program files (x86)/atmel/studio/7.0/toolchain/avr8/avr8-gnu-toolchain/bin/../lib/gcc/avr/5.4.0/avr5\libgcc.a(_tablejump2.o)
 .text.libgcc.builtins
                0x00000000        0x0 c:/program files (x86)/atmel/studio/7.0/toolchain/avr8/avr8-gnu-toolchain/bin/../lib/gcc/avr/5.4.0/avr5\libgcc.a(_tablejump2.o)
 .text.libgcc.fmul
                0x00000000        0x0 c:/program files (x86)/atmel/studio/7.0/toolchain/avr8/avr8-gnu-toolchain/bin/../lib/gcc/avr/5.4.0/avr5\libgcc.a(_tablejump2.o)
 .text.libgcc.fixed
                0x00000000        0x0 c:/program files (x86)/atmel/studio/7.0/toolchain/avr8/avr8-gnu-toolchain/bin/../lib/gcc/avr/5.4.0/avr5\libgcc.a(_tablejump2.o)
 .text          0x00000000        0x0 c:/program files (x86)/atmel/studio/7.0/toolchain/avr8/avr8-gnu-toolchain/bin/../lib/gcc/avr/5.4.0/avr5\libgcc.a(_copy_data.o)
 .data          0x00000000        0x0 c:/program files (x86)/atmel/studio/7.0/toolchain/avr8/avr8-gnu-toolchain/bin/../lib/gcc/avr/5.4.0/avr5\libgcc.a(_copy_data.o)
 .bss           0x00000000        0x0 c:/program files (x86)/atmel/studio/7.0/toolchain/avr8/avr8-gnu-toolchain/bin/../lib/gcc/avr/5.4.0/avr5\libgcc.a(_copy_data.o)
 .text.libgcc.mul
                0x00000000        0x0 c:/program files (x86)/atmel/studio/7.0/toolchain/avr8/avr8-gnu-toolchain/bin/../lib/gcc/avr/5.4.0/avr5\libgcc.a(_copy_data.o)
 .text.libgcc.div
                0x00000000        0x0 c:/program files (x86)/atmel/studio/7.0/toolchain/avr8/avr8-gnu-toolchain/bin/../lib/gcc/avr/5.4.0/avr5\libgcc.a(_copy_data.o)
 .text.libgcc   0x00000000        0x0 c:/program files (x86)/atmel/studio/7.0/toolchain/avr8/avr8-gnu-toolchain/bin/../lib/gcc/avr/5.4.0/avr5\libgcc.a(_copy_data.o)
 .text.libgcc.prologue
                0x00000000        0x0 c:/program files (x86)/atmel/studio/7.0/toolchain/avr8/avr8-gnu-toolchain/bin/../lib/gcc/avr/5.4.0/avr5\libgcc.a(_copy_data.o)
 .text.libgcc.builtins
                0x00000000        0x0 c:/program files (x86)/atmel/studio/7.0/toolchain/avr8/avr8-gnu-toolchain/bin/../lib/gcc/avr/5.4.0/avr5\libgcc.a(_copy_data.o)
 .text.libgcc.fmul
                0x00000000        0x0 c:/program files (x86)/atmel/studio/7.0/toolchain/avr8/avr8-gnu-toolchain/bin/../lib/gcc/avr/5.4.0/avr5\libgcc.a(_copy_data.o)
 .text.libgcc.fixed
                0x00000000        0x0 c:/program files (x86)/atmel/studio/7.0/toolchain/avr8/avr8-gnu-toolchain/bin/../lib/gcc/avr/5.4.0/avr5\libgcc.a(_copy_data.o)
 .text          0x00000000        0x0 c:/program files (x86)/atmel/studio/7.0/toolchain/avr8/avr8-gnu-toolchain/bin/../lib/gcc/avr/5.4.0/avr5\libgcc.a(_clear_bss.o)
 .data          0x00000000        0x0 c:/program files (x86)/atmel/studio/7.0/toolchain/avr8/avr8-gnu-toolchain/bin/../lib/gcc/avr/5.4.0/avr5\libgcc.a(_clear_bss.o)
 .bss           0x00000000        0x0 c:/program files (x86)/atmel/studio/7.0/toolchain/avr8/avr8-gnu-toolchain/bin/../lib/gcc/avr/5.4.0/avr5\libgcc.a(_clear_bss.o)
 .text.libgcc.mul
                0x00000000        0x0 c:/program files (x86)/atmel/studio/7.0/toolchain/avr8/avr8-gnu-toolchain/bin/../lib/gcc/avr/5.4.0/avr5\libgcc.a(_clear_bss.o)
 .text.libgcc.div
                0x00000000        0x0 c:/program files (x86)/atmel/studio/7.0/toolchain/avr8/avr8-gnu-toolchain/bin/../lib/gcc/avr/5.4.0/avr5\libgcc.a(_clear_bss.o)
 .text.libgcc   0x00000000        0x0 c:/program files (x86)/atmel/studio/7.0/toolchain/avr8/avr8-gnu-toolchain/bin/../lib/gcc/avr/5.4.0/avr5\libgcc.a(_clear_bss.o)
 .text.libgcc.prologue
                0x00000000        0x0 c:/program files (x86)/atmel/studio/7.0/toolchain/avr8/avr8-gnu-toolchain/bin/../lib/gcc/avr/5.4.0/avr5\libgcc.a(_clear_bss.o)
 .text.libgcc.builtins
                0x00000000        0x0 c:/program files (x86)/atmel/studio/7.0/toolchain/avr8/avr8-gnu-toolchain/bin/../lib/gcc/avr/5.4.0/avr5\libgcc.a(_clear_bss.o)
 .text.libgcc.fmul
                0x00000000        0x0 c:/program files (x86)/atmel/studio/7.0/toolchain/avr8/avr8-gnu-toolchain/bin/../lib/gcc/avr/5.4.0/avr5\libgcc.a(_clear_bss.o)
 .text.libgcc.fixed
                0x00000000        0x0 c:/program files (x86)/atmel/studio/7.0/toolchain/avr8/avr8-gnu-toolchain/bin/../lib/gcc/avr/5.4.0/avr5\libgcc.a(_clear_bss.o)
 .text          0x00000000        0x0 c:/program files (x86)/atmel/studio/7.0/toolchain/avr8/avr8-gnu-toolchain/bin/../lib/gcc/avr/5.4.0/../../../../avr/lib/avr5\libc.a(dtostrf.o)
 .data          0x00000000        0x0 c:/program files (x86)/atmel/studio/7.0/toolchain/avr8/avr8-gnu-toolchain/bin/../lib/gcc/avr/5.4.0/../../../../avr/lib/avr5\libc.a(dtostrf.o)
 .bss           0x00000000        0x0 c:/program files (x86)/atmel/studio/7.0/toolchain/avr8/avr8-gnu-toolchain/bin/../lib/gcc/avr/5.4.0/../../../../avr/lib/avr5\libc.a(dtostrf.o)
 .text          0x00000000        0x0 c:/program files (x86)/atmel/studio/7.0/toolchain/avr8/avr8-gnu-toolchain/bin/../lib/gcc/avr/5.4.0/../../../../avr/lib/avr5\libc.a(sprintf.o)
 .data          0x00000000        0x0 c:/program files (x86)/atmel/studio/7.0/toolchain/avr8/avr8-gnu-toolchain/bin/../lib/gcc/avr/5.4.0/../../../../avr/lib/avr5\libc.a(sprintf.o)
 .bss           0x00000000        0x0 c:/program files (x86)/atmel/studio/7.0/toolchain/avr8/avr8-gnu-toolchain/bin/../lib/gcc/avr/5.4.0/../../../../avr/lib/avr5\libc.a(sprintf.o)
 .text          0x00000000        0x0 c:/program files (x86)/atmel/studio/7.0/toolchain/avr8/avr8-gnu-toolchain/bin/../lib/gcc/avr/5.4.0/../../../../avr/lib/avr5\libc.a(vfprintf_std.o)
 .data          0x00000000        0x0 c:/program files (x86)/atmel/studio/7.0/toolchain/avr8/avr8-gnu-toolchain/bin/../lib/gcc/avr/5.4.0/../../../../avr/lib/avr5\libc.a(vfprintf_std.o)
 .bss           0x00000000        0x0 c:/program files (x86)/atmel/studio/7.0/toolchain/avr8/avr8-gnu-toolchain/bin/../lib/gcc/avr/5.4.0/../../../../avr/lib/avr5\libc.a(vfprintf_std.o)
 .text          0x00000000        0x0 c:/program files (x86)/atmel/studio/7.0/toolchain/avr8/avr8-gnu-toolchain/bin/../lib/gcc/avr/5.4.0/../../../../avr/lib/avr5\libc.a(dtoa_prf.o)
 .data          0x00000000        0x0 c:/program files (x86)/atmel/studio/7.0/toolchain/avr8/avr8-gnu-toolchain/bin/../lib/gcc/avr/5.4.0/../../../../avr/lib/avr5\libc.a(dtoa_prf.o)
 .bss           0x00000000        0x0 c:/program files (x86)/atmel/studio/7.0/toolchain/avr8/avr8-gnu-toolchain/bin/../lib/gcc/avr/5.4.0/../../../../avr/lib/avr5\libc.a(dtoa_prf.o)
 .text          0x00000000        0x0 c:/program files (x86)/atmel/studio/7.0/toolchain/avr8/avr8-gnu-toolchain/bin/../lib/gcc/avr/5.4.0/../../../../avr/lib/avr5\libc.a(ftoa_engine.o)
 .data          0x00000000        0x0 c:/program files (x86)/atmel/studio/7.0/toolchain/avr8/avr8-gnu-toolchain/bin/../lib/gcc/avr/5.4.0/../../../../avr/lib/avr5\libc.a(ftoa_engine.o)
 .bss           0x00000000        0x0 c:/program files (x86)/atmel/studio/7.0/toolchain/avr8/avr8-gnu-toolchain/bin/../lib/gcc/avr/5.4.0/../../../../avr/lib/avr5\libc.a(ftoa_engine.o)
 .text          0x00000000        0x0 c:/program files (x86)/atmel/studio/7.0/toolchain/avr8/avr8-gnu-toolchain/bin/../lib/gcc/avr/5.4.0/../../../../avr/lib/avr5\libc.a(strnlen_P.o)
 .data          0x00000000        0x0 c:/program files (x86)/atmel/studio/7.0/toolchain/avr8/avr8-gnu-toolchain/bin/../lib/gcc/avr/5.4.0/../../../../avr/lib/avr5\libc.a(strnlen_P.o)
 .bss           0x00000000        0x0 c:/program files (x86)/atmel/studio/7.0/toolchain/avr8/avr8-gnu-toolchain/bin/../lib/gcc/avr/5.4.0/../../../../avr/lib/avr5\libc.a(strnlen_P.o)
 .text          0x00000000        0x0 c:/program files (x86)/atmel/studio/7.0/toolchain/avr8/avr8-gnu-toolchain/bin/../lib/gcc/avr/5.4.0/../../../../avr/lib/avr5\libc.a(strnlen.o)
 .data          0x00000000        0x0 c:/program files (x86)/atmel/studio/7.0/toolchain/avr8/avr8-gnu-toolchain/bin/../lib/gcc/avr/5.4.0/../../../../avr/lib/avr5\libc.a(strnlen.o)
 .bss           0x00000000        0x0 c:/program files (x86)/atmel/studio/7.0/toolchain/avr8/avr8-gnu-toolchain/bin/../lib/gcc/avr/5.4.0/../../../../avr/lib/avr5\libc.a(strnlen.o)
 .text          0x00000000        0x0 c:/program files (x86)/atmel/studio/7.0/toolchain/avr8/avr8-gnu-toolchain/bin/../lib/gcc/avr/5.4.0/../../../../avr/lib/avr5\libc.a(fputc.o)
 .data          0x00000000        0x0 c:/program files (x86)/atmel/studio/7.0/toolchain/avr8/avr8-gnu-toolchain/bin/../lib/gcc/avr/5.4.0/../../../../avr/lib/avr5\libc.a(fputc.o)
 .bss           0x00000000        0x0 c:/program files (x86)/atmel/studio/7.0/toolchain/avr8/avr8-gnu-toolchain/bin/../lib/gcc/avr/5.4.0/../../../../avr/lib/avr5\libc.a(fputc.o)
 .text          0x00000000        0x0 c:/program files (x86)/atmel/studio/7.0/toolchain/avr8/avr8-gnu-toolchain/bin/../lib/gcc/avr/5.4.0/../../../../avr/lib/avr5\libc.a(ultoa_invert.o)
 .data          0x00000000        0x0 c:/program files (x86)/atmel/studio/7.0/toolchain/avr8/avr8-gnu-toolchain/bin/../lib/gcc/avr/5.4.0/../../../../avr/lib/avr5\libc.a(ultoa_invert.o)
 .bss           0x00000000        0x0 c:/program files (x86)/atmel/studio/7.0/toolchain/avr8/avr8-gnu-toolchain/bin/../lib/gcc/avr/5.4.0/../../../../avr/lib/avr5\libc.a(ultoa_invert.o)
 .text          0x00000000        0x0 c:/program files (x86)/atmel/studio/7.0/toolchain/avr8/avr8-gnu-toolchain/bin/../lib/gcc/avr/5.4.0/avr5\libgcc.a(_prologue.o)
 .data          0x00000000        0x0 c:/program files (x86)/atmel/studio/7.0/toolchain/avr8/avr8-gnu-toolchain/bin/../lib/gcc/avr/5.4.0/avr5\libgcc.a(_prologue.o)
 .bss           0x00000000        0x0 c:/program files (x86)/atmel/studio/7.0/toolchain/avr8/avr8-gnu-toolchain/bin/../lib/gcc/avr/5.4.0/avr5\libgcc.a(_prologue.o)
 .text.libgcc.mul
                0x00000000        0x0 c:/program files (x86)/atmel/studio/7.0/toolchain/avr8/avr8-gnu-toolchain/bin/../lib/gcc/avr/5.4.0/avr5\libgcc.a(_prologue.o)
 .text.libgcc.div
                0x00000000        0x0 c:/program files (x86)/atmel/studio/7.0/toolchain/avr8/avr8-gnu-toolchain/bin/../lib/gcc/avr/5.4.0/avr5\libgcc.a(_prologue.o)
 .text.libgcc   0x00000000        0x0 c:/program files (x86)/atmel/studio/7.0/toolchain/avr8/avr8-gnu-toolchain/bin/../lib/gcc/avr/5.4.0/avr5\libgcc.a(_prologue.o)
 .text.libgcc.builtins
                0x00000000        0x0 c:/program files (x86)/atmel/studio/7.0/toolchain/avr8/avr8-gnu-toolchain/bin/../lib/gcc/avr/5.4.0/avr5\libgcc.a(_prologue.o)
 .text.libgcc.fmul
                0x00000000        0x0 c:/program files (x86)/atmel/studio/7.0/toolchain/avr8/avr8-gnu-toolchain/bin/../lib/gcc/avr/5.4.0/avr5\libgcc.a(_prologue.o)
 .text.libgcc.fixed
                0x00000000        0x0 c:/program files (x86)/atmel/studio/7.0/toolchain/avr8/avr8-gnu-toolchain/bin/../lib/gcc/avr/5.4.0/avr5\libgcc.a(_prologue.o)
 .text          0x00000000        0x0 c:/program files (x86)/atmel/studio/7.0/toolchain/avr8/avr8-gnu-toolchain/bin/../lib/gcc/avr/5.4.0/avr5\libgcc.a(_epilogue.o)
 .data          0x00000000        0x0 c:/program files (x86)/atmel/studio/7.0/toolchain/avr8/avr8-gnu-toolchain/bin/../lib/gcc/avr/5.4.0/avr5\libgcc.a(_epilogue.o)
 .bss           0x00000000        0x0 c:/program files (x86)/atmel/studio/7.0/toolchain/avr8/avr8-gnu-toolchain/bin/../lib/gcc/avr/5.4.0/avr5\libgcc.a(_epilogue.o)
 .text.libgcc.mul
                0x00000000        0x0 c:/program files (x86)/atmel/studio/7.0/toolchain/avr8/avr8-gnu-toolchain/bin/../lib/gcc/avr/5.4.0/avr5\libgcc.a(_epilogue.o)
 .text.libgcc.div
                0x00000000        0x0 c:/program files (x86)/atmel/studio/7.0/toolchain/avr8/avr8-gnu-toolchain/bin/../lib/gcc/avr/5.4.0/avr5\libgcc.a(_epilogue.o)
 .text.libgcc   0x00000000        0x0 c:/program files (x86)/atmel/studio/7.0/toolchain/avr8/avr8-gnu-toolchain/bin/../lib/gcc/avr/5.4.0/avr5\libgcc.a(_epilogue.o)
 .text.libgcc.builtins
                0x00000000        0x0 c:/program files (x86)/atmel/studio/7.0/toolchain/avr8/avr8-gnu-toolchain/bin/../lib/gcc/avr/5.4.0/avr5\libgcc.a(_epilogue.o)
 .text.libgcc.fmul
                0x00000000        0x0 c:/program files (x86)/atmel/studio/7.0/toolchain/avr8/avr8-gnu-toolchain/bin/../lib/gcc/avr/5.4.0/avr5\libgcc.a(_epilogue.o)
 .text.libgcc.fixed
                0x00000000        0x0 c:/program files (x86)/atmel/studio/7.0/toolchain/avr8/avr8-gnu-toolchain/bin/../lib/gcc/avr/5.4.0/avr5\libgcc.a(_epilogue.o)

Memory Configuration

Name             Origin             Length             Attributes
text             0x00000000         0x00020000         xr
data             0x00800060         0x0000ffa0         rw !x
eeprom           0x00810000         0x00010000         rw !x
fuse             0x00820000         0x00000003         rw !x
lock             0x00830000         0x00000400         rw !x
signature        0x00840000         0x00000400         rw !x
user_signatures  0x00850000         0x00000400         rw !x
*default*        0x00000000         0xffffffff

Linker script and memory map

Address of section .data set to 0x800100
LOAD C:/Program Files (x86)/Atmel/Studio/7.0/Packs/atmel/ATmega_DFP/1.2.209/gcc/dev/atmega328p/avr5/crtatmega328p.o
LOAD ADC/ad_konverzija.o
LOAD EEPROM internal/eeprom.o
LOAD i2cmaster/i2cmaster.o
LOAD lcd-1602/ispomoc_za_ispis.o
LOAD lcd-1602/lcd1602.o
LOAD main.o
LOAD PCint/pin_change_interrupt.o
LOAD PushButtons/tasteri.o
LOAD RTC DS3231/rtc_ds3231.o
LOAD Timer/tajmer.o
LOAD Uart/uart.o
START GROUP
LOAD c:/program files (x86)/atmel/studio/7.0/toolchain/avr8/avr8-gnu-toolchain/bin/../lib/gcc/avr/5.4.0/../../../../avr/lib/avr5\libm.a
END GROUP
START GROUP
LOAD c:/program files (x86)/atmel/studio/7.0/toolchain/avr8/avr8-gnu-toolchain/bin/../lib/gcc/avr/5.4.0/avr5\libgcc.a
LOAD c:/program files (x86)/atmel/studio/7.0/toolchain/avr8/avr8-gnu-toolchain/bin/../lib/gcc/avr/5.4.0/../../../../avr/lib/avr5\libm.a
LOAD c:/program files (x86)/atmel/studio/7.0/toolchain/avr8/avr8-gnu-toolchain/bin/../lib/gcc/avr/5.4.0/../../../../avr/lib/avr5\libc.a
LOAD C:/Program Files (x86)/Atmel/Studio/7.0/Packs/atmel/ATmega_DFP/1.2.209/gcc/dev/atmega328p/avr5\libatmega328p.a
END GROUP
                0x00020000                __TEXT_REGION_LENGTH__ = DEFINED (__TEXT_REGION_LENGTH__)?__TEXT_REGION_LENGTH__:0x20000
                0x0000ffa0                __DATA_REGION_LENGTH__ = DEFINED (__DATA_REGION_LENGTH__)?__DATA_REGION_LENGTH__:0xffa0
                0x00010000                __EEPROM_REGION_LENGTH__ = DEFINED (__EEPROM_REGION_LENGTH__)?__EEPROM_REGION_LENGTH__:0x10000
                [0x00000003]                __FUSE_REGION_LENGTH__ = DEFINED (__FUSE_REGION_LENGTH__)?__FUSE_REGION_LENGTH__:0x400
                0x00000400                __LOCK_REGION_LENGTH__ = DEFINED (__LOCK_REGION_LENGTH__)?__LOCK_REGION_LENGTH__:0x400
                0x00000400                __SIGNATURE_REGION_LENGTH__ = DEFINED (__SIGNATURE_REGION_LENGTH__)?__SIGNATURE_REGION_LENGTH__:0x400
                0x00000400                __USER_SIGNATURE_REGION_LENGTH__ = DEFINED (__USER_SIGNATURE_REGION_LENGTH__)?__USER_SIGNATURE_REGION_LENGTH__:0x400

.hash
 *(.hash)

.dynsym
 *(.dynsym)

.dynstr
 *(.dynstr)

.gnu.version
 *(.gnu.version)

.gnu.version_d
 *(.gnu.version_d)

.gnu.version_r
 *(.gnu.version_r)

.rel.init
 *(.rel.init)

.rela.init
 *(.rela.init)

.rel.text
 *(.rel.text)
 *(.rel.text.*)
 *(.rel.gnu.linkonce.t*)

.rela.text
 *(.rela.text)
 *(.rela.text.*)
 *(.rela.gnu.linkonce.t*)

.rel.fini
 *(.rel.fini)

.rela.fini
 *(.rela.fini)

.rel.rodata
 *(.rel.rodata)
 *(.rel.rodata.*)
 *(.rel.gnu.linkonce.r*)

.rela.rodata
 *(.rela.rodata)
 *(.rela.rodata.*)
 *(.rela.gnu.linkonce.r*)

.rel.data
 *(.rel.data)
 *(.rel.data.*)
 *(.rel.gnu.linkonce.d*)

.rela.data
 *(.rela.data)
 *(.rela.data.*)
 *(.rela.gnu.linkonce.d*)

.rel.ctors
 *(.rel.ctors)

.rela.ctors
 *(.rela.ctors)

.rel.dtors
 *(.rel.dtors)

.rela.dtors
 *(.rela.dtors)

.rel.got
 *(.rel.got)

.rela.got
 *(.rela.got)

.rel.bss
 *(.rel.bss)

.rela.bss
 *(.rela.bss)

.rel.plt
 *(.rel.plt)

.rela.plt
 *(.rela.plt)

.text           0x00000000     0x2ba8
 *(.vectors)
 .vectors       0x00000000       0x68 C:/Program Files (x86)/Atmel/Studio/7.0/Packs/atmel/ATmega_DFP/1.2.209/gcc/dev/atmega328p/avr5/crtatmega328p.o
                0x00000000                __vector_default
                0x00000000                __vectors
 *(.vectors)
 *(.progmem.gcc*)
 .progmem.gcc_sw_table.fsm_lcd_menu
                0x00000068        0xe main.o
                0x00000076                . = ALIGN (0x2)
                0x00000076                __trampolines_start = .
 *(.trampolines)
 .trampolines   0x00000076        0x0 linker stubs
 *(.trampolines*)
                0x00000076                __trampolines_end = .
 *libprintf_flt.a:*(.progmem.data)
 *libc.a:*(.progmem.data)
 .progmem.data  0x00000076       0xfa c:/program files (x86)/atmel/studio/7.0/toolchain/avr8/avr8-gnu-toolchain/bin/../lib/gcc/avr/5.4.0/../../../../avr/lib/avr5\libc.a(ftoa_engine.o)
 *(.progmem*)
                0x00000170                . = ALIGN (0x2)
 *(.jumptables)
 *(.jumptables*)
 *(.lowtext)
 *(.lowtext*)
                0x00000170                __ctors_start = .
 *(.ctors)
                0x00000170                __ctors_end = .
                0x00000170                __dtors_start = .
 *(.dtors)
                0x00000170                __dtors_end = .
 SORT(*)(.ctors)
 SORT(*)(.dtors)
 *(.init0)
 .init0         0x00000170        0x0 C:/Program Files (x86)/Atmel/Studio/7.0/Packs/atmel/ATmega_DFP/1.2.209/gcc/dev/atmega328p/avr5/crtatmega328p.o
                0x00000170                __init
 *(.init0)
 *(.init1)
 *(.init1)
 *(.init2)
 .init2         0x00000170        0xc C:/Program Files (x86)/Atmel/Studio/7.0/Packs/atmel/ATmega_DFP/1.2.209/gcc/dev/atmega328p/avr5/crtatmega328p.o
 *(.init2)
 *(.init3)
 *(.init3)
 *(.init4)
 .init4         0x0000017c       0x16 c:/program files (x86)/atmel/studio/7.0/toolchain/avr8/avr8-gnu-toolchain/bin/../lib/gcc/avr/5.4.0/avr5\libgcc.a(_copy_data.o)
                0x0000017c                __do_copy_data
 .init4         0x00000192       0x10 c:/program files (x86)/atmel/studio/7.0/toolchain/avr8/avr8-gnu-toolchain/bin/../lib/gcc/avr/5.4.0/avr5\libgcc.a(_clear_bss.o)
                0x00000192                __do_clear_bss
 *(.init4)
 *(.init5)
 *(.init5)
 *(.init6)
 *(.init6)
 *(.init7)
 *(.init7)
 *(.init8)
 *(.init8)
 *(.init9)
 .init9         0x000001a2        0x8 C:/Program Files (x86)/Atmel/Studio/7.0/Packs/atmel/ATmega_DFP/1.2.209/gcc/dev/atmega328p/avr5/crtatmega328p.o
 *(.init9)
 *(.text)
 .text          0x000001aa        0x4 C:/Program Files (x86)/Atmel/Studio/7.0/Packs/atmel/ATmega_DFP/1.2.209/gcc/dev/atmega328p/avr5/crtatmega328p.o
                0x000001aa                __vector_22
                0x000001aa                __vector_1
                0x000001aa                __vector_24
                0x000001aa                __vector_12
                0x000001aa                __bad_interrupt
                0x000001aa                __vector_6
                0x000001aa                __vector_3
                0x000001aa                __vector_23
                0x000001aa                __vector_25
                0x000001aa                __vector_11
                0x000001aa                __vector_13
                0x000001aa                __vector_17
                0x000001aa                __vector_19
                0x000001aa                __vector_7
                0x000001aa                __vector_5
                0x000001aa                __vector_9
                0x000001aa                __vector_2
                0x000001aa                __vector_15
                0x000001aa                __vector_8
                0x000001aa                __vector_10
                0x000001aa                __vector_16
                0x000001ae                . = ALIGN (0x2)
 *(.text.*)
 .text.ADC_init
                0x000001ae       0x1a ADC/ad_konverzija.o
                0x000001ae                ADC_init
 .text.__vector_21
                0x000001c8       0x1e ADC/ad_konverzija.o
                0x000001c8                __vector_21
 .text.adc_read
                0x000001e6      0x136 ADC/ad_konverzija.o
                0x000001e6                adc_read
 .text.EEPROM_read
                0x0000031c        0xe EEPROM internal/eeprom.o
                0x0000031c                EEPROM_read
 .text.EEPROM_write
                0x0000032a       0x14 EEPROM internal/eeprom.o
                0x0000032a                EEPROM_write
 .text.i2c_init
                0x0000033e        0xc i2cmaster/i2cmaster.o
                0x0000033e                i2c_init
 .text.i2c_start_wait
                0x0000034a       0x50 i2cmaster/i2cmaster.o
                0x0000034a                i2c_start_wait
 .text.i2c_stop
                0x0000039a       0x12 i2cmaster/i2cmaster.o
                0x0000039a                i2c_stop
 .text.i2c_write
                0x000003ac       0x24 i2cmaster/i2cmaster.o
                0x000003ac                i2c_write
 .text.i2c_readNak
                0x000003d0       0x16 i2cmaster/i2cmaster.o
                0x000003d0                i2c_readNak
 .text.i2c_send_packet
                0x000003e6       0x18 i2cmaster/i2cmaster.o
                0x000003e6                i2c_send_packet
 .text.sati_ispis
                0x000003fe       0xbe lcd-1602/ispomoc_za_ispis.o
                0x000003fe                sati_ispis
 .text.minuti_ispis
                0x000004bc       0xbe lcd-1602/ispomoc_za_ispis.o
                0x000004bc                minuti_ispis
 .text.sekundi_ispis
                0x0000057a       0xbe lcd-1602/ispomoc_za_ispis.o
                0x0000057a                sekundi_ispis
 .text.putnibble
                0x00000638       0x50 lcd-1602/lcd1602.o
                0x00000638                putnibble
 .text.lcd1602_send_byte
                0x00000688       0x44 lcd-1602/lcd1602.o
                0x00000688                lcd1602_send_byte
 .text.lcd1602_send_char
                0x000006cc       0x28 lcd-1602/lcd1602.o
                0x000006cc                lcd1602_send_char
 .text.lcd1602_init
                0x000006f4       0xba lcd-1602/lcd1602.o
                0x000006f4                lcd1602_init
 .text.lcd1602_clear
                0x000007ae       0x16 lcd-1602/lcd1602.o
                0x000007ae                lcd1602_clear
 .text.lcd1602_goto_xy
                0x000007c4       0x12 lcd-1602/lcd1602.o
                0x000007c4                lcd1602_goto_xy
 .text.lcd1602_send_string
                0x000007d6       0x2c lcd-1602/lcd1602.o
                0x000007d6                lcd1602_send_string
 .text.lcd1602_cursor_blink
                0x00000802       0x18 lcd-1602/lcd1602.o
                0x00000802                lcd1602_cursor_blink
 .text.period_paljenja
                0x0000081a       0x78 main.o
                0x0000081a                period_paljenja
 .text.displ1_LCD_ispis
                0x00000892       0x86 main.o
                0x00000892                displ1_LCD_ispis
 .text.menu1_LCD_ispis
                0x00000918       0xda main.o
                0x00000918                menu1_LCD_ispis
 .text.podSat_LCD_ispis
                0x000009f2       0x42 main.o
                0x000009f2                podSat_LCD_ispis
 .text.podOnOff_LCD_ispis
                0x00000a34       0x86 main.o
                0x00000a34                podOnOff_LCD_ispis
 .text.jednokrat_LCD_ispis
                0x00000aba       0x86 main.o
                0x00000aba                jednokrat_LCD_ispis
 .text.brojilo_LCD_ispis
                0x00000b40       0xe4 main.o
                0x00000b40                brojilo_LCD_ispis
 .text.fsm_lcd_menu
                0x00000c24      0x8ec main.o
                0x00000c24                fsm_lcd_menu
 .text.main     0x00001510      0x290 main.o
                0x00001510                main
 .text.pc_init  0x000017a0       0x18 PCint/pin_change_interrupt.o
                0x000017a0                pc_init
 .text.__vector_4
                0x000017b8       0x26 PCint/pin_change_interrupt.o
                0x000017b8                __vector_4
 .text.tasteri_init
                0x000017de       0x1a PushButtons/tasteri.o
                0x000017de                tasteri_init
 .text.ocitaj_tastere
                0x000017f8       0x52 PushButtons/tasteri.o
                0x000017f8                ocitaj_tastere
 .text.ocitaj_jedan_taster
                0x0000184a       0xdc PushButtons/tasteri.o
                0x0000184a                ocitaj_jedan_taster
 .text.bcd_to_decimal
                0x00001926       0x16 RTC DS3231/rtc_ds3231.o
                0x00001926                bcd_to_decimal
 .text.decimal_to_bcd
                0x0000193c       0x28 RTC DS3231/rtc_ds3231.o
                0x0000193c                decimal_to_bcd
 .text.DS3231_Read
                0x00001964       0x1e RTC DS3231/rtc_ds3231.o
                0x00001964                DS3231_Read
 .text.DS3231_Write
                0x00001982       0x24 RTC DS3231/rtc_ds3231.o
                0x00001982                DS3231_Write
 .text.DS3231_init
                0x000019a6       0x1a RTC DS3231/rtc_ds3231.o
                0x000019a6                DS3231_init
 .text.getTime  0x000019c0       0x7c RTC DS3231/rtc_ds3231.o
                0x000019c0                getTime
 .text.setTime  0x00001a3c       0x66 RTC DS3231/rtc_ds3231.o
                0x00001a3c                setTime
 .text.tajmer0_init
                0x00001aa2       0x12 Timer/tajmer.o
                0x00001aa2                tajmer0_init
 .text.__vector_14
                0x00001ab4       0xb2 Timer/tajmer.o
                0x00001ab4                __vector_14
 .text.__vector_20
                0x00001b66       0x18 Uart/uart.o
                0x00001b66                __vector_20
 .text.__vector_18
                0x00001b7e       0x56 Uart/uart.o
                0x00001b7e                __vector_18
 .text.uart_init
                0x00001bd4      0x114 Uart/uart.o
                0x00001bd4                uart_init
 .text.uart_send_str
                0x00001ce8       0x26 Uart/uart.o
                0x00001ce8                uart_send_str
 .text.avr-libc.fplib
                0x00001d0e        0xe c:/program files (x86)/atmel/studio/7.0/toolchain/avr8/avr8-gnu-toolchain/bin/../lib/gcc/avr/5.4.0/../../../../avr/lib/avr5\libm.a(addsf3.o)
                0x00001d0e                __subsf3
                0x00001d10                __addsf3
 .text.avr-libc.fplib
                0x00001d1c       0xcc c:/program files (x86)/atmel/studio/7.0/toolchain/avr8/avr8-gnu-toolchain/bin/../lib/gcc/avr/5.4.0/../../../../avr/lib/avr5\libm.a(addsf3x.o)
                0x00001d3e                __addsf3x
 .text.avr-libc.fplib
                0x00001de8        0x8 c:/program files (x86)/atmel/studio/7.0/toolchain/avr8/avr8-gnu-toolchain/bin/../lib/gcc/avr/5.4.0/../../../../avr/lib/avr5\libm.a(divsf3.o)
                0x00001de8                __divsf3
 .text.avr-libc.fplib
                0x00001df0       0xdc c:/program files (x86)/atmel/studio/7.0/toolchain/avr8/avr8-gnu-toolchain/bin/../lib/gcc/avr/5.4.0/../../../../avr/lib/avr5\libm.a(divsf3x.o)
                0x00001e10                __divsf3x
                0x00001e16                __divsf3_pse
 .text.avr-libc.fplib
                0x00001ecc       0x5e c:/program files (x86)/atmel/studio/7.0/toolchain/avr8/avr8-gnu-toolchain/bin/../lib/gcc/avr/5.4.0/../../../../avr/lib/avr5\libm.a(fixunssfsi.o)
                0x00001ecc                __fixunssfsi
 .text.avr-libc.fplib
                0x00001f2a       0x7a c:/program files (x86)/atmel/studio/7.0/toolchain/avr8/avr8-gnu-toolchain/bin/../lib/gcc/avr/5.4.0/../../../../avr/lib/avr5\libm.a(floatsisf.o)
                0x00001f2a                __floatunsisf
                0x00001f2e                __floatsisf
 .text.avr-libc.fplib
                0x00001fa4        0xc c:/program files (x86)/atmel/studio/7.0/toolchain/avr8/avr8-gnu-toolchain/bin/../lib/gcc/avr/5.4.0/../../../../avr/lib/avr5\libm.a(fp_inf.o)
                0x00001fa4                __fp_inf
 .text.avr-libc.fplib
                0x00001fb0        0x6 c:/program files (x86)/atmel/studio/7.0/toolchain/avr8/avr8-gnu-toolchain/bin/../lib/gcc/avr/5.4.0/../../../../avr/lib/avr5\libm.a(fp_nan.o)
                0x00001fb0                __fp_nan
 .text.avr-libc.fplib
                0x00001fb6        0xe c:/program files (x86)/atmel/studio/7.0/toolchain/avr8/avr8-gnu-toolchain/bin/../lib/gcc/avr/5.4.0/../../../../avr/lib/avr5\libm.a(fp_pscA.o)
                0x00001fb6                __fp_pscA
 .text.avr-libc.fplib
                0x00001fc4        0xe c:/program files (x86)/atmel/studio/7.0/toolchain/avr8/avr8-gnu-toolchain/bin/../lib/gcc/avr/5.4.0/../../../../avr/lib/avr5\libm.a(fp_pscB.o)
                0x00001fc4                __fp_pscB
 .text.avr-libc.fplib
                0x00001fd2       0x22 c:/program files (x86)/atmel/studio/7.0/toolchain/avr8/avr8-gnu-toolchain/bin/../lib/gcc/avr/5.4.0/../../../../avr/lib/avr5\libm.a(fp_round.o)
                0x00001fd2                __fp_round
 .text.avr-libc.fplib
                0x00001ff4       0x44 c:/program files (x86)/atmel/studio/7.0/toolchain/avr8/avr8-gnu-toolchain/bin/../lib/gcc/avr/5.4.0/../../../../avr/lib/avr5\libm.a(fp_split3.o)
                0x00001ff4                __fp_split3
                0x00002004                __fp_splitA
 .text.avr-libc.fplib
                0x00002038        0xe c:/program files (x86)/atmel/studio/7.0/toolchain/avr8/avr8-gnu-toolchain/bin/../lib/gcc/avr/5.4.0/../../../../avr/lib/avr5\libm.a(fp_zero.o)
                0x00002038                __fp_zero
                0x0000203a                __fp_szero
 .text.avr-libc.fplib
                0x00002046        0x8 c:/program files (x86)/atmel/studio/7.0/toolchain/avr8/avr8-gnu-toolchain/bin/../lib/gcc/avr/5.4.0/../../../../avr/lib/avr5\libm.a(mulsf3.o)
                0x00002046                __mulsf3
 .text.avr-libc.fplib
                0x0000204e       0xd2 c:/program files (x86)/atmel/studio/7.0/toolchain/avr8/avr8-gnu-toolchain/bin/../lib/gcc/avr/5.4.0/../../../../avr/lib/avr5\libm.a(mulsf3x.o)
                0x0000206c                __mulsf3x
                0x00002072                __mulsf3_pse
 .text.libgcc   0x00002120        0xc c:/program files (x86)/atmel/studio/7.0/toolchain/avr8/avr8-gnu-toolchain/bin/../lib/gcc/avr/5.4.0/avr5\libgcc.a(_tablejump2.o)
                0x00002120                __tablejump2__
 .text.avr-libc
                0x0000212c       0x40 c:/program files (x86)/atmel/studio/7.0/toolchain/avr8/avr8-gnu-toolchain/bin/../lib/gcc/avr/5.4.0/../../../../avr/lib/avr5\libc.a(dtostrf.o)
                0x0000212c                dtostrf
 .text.avr-libc
                0x0000216c       0x44 c:/program files (x86)/atmel/studio/7.0/toolchain/avr8/avr8-gnu-toolchain/bin/../lib/gcc/avr/5.4.0/../../../../avr/lib/avr5\libc.a(sprintf.o)
                0x0000216c                sprintf
 .text.avr-libc
                0x000021b0      0x3c2 c:/program files (x86)/atmel/studio/7.0/toolchain/avr8/avr8-gnu-toolchain/bin/../lib/gcc/avr/5.4.0/../../../../avr/lib/avr5\libc.a(vfprintf_std.o)
                0x000021b0                vfprintf
 .text.avr-libc
                0x00002572      0x2b4 c:/program files (x86)/atmel/studio/7.0/toolchain/avr8/avr8-gnu-toolchain/bin/../lib/gcc/avr/5.4.0/../../../../avr/lib/avr5\libc.a(dtoa_prf.o)
                0x00002572                dtoa_prf
 .text.avr-libc
                0x00002826      0x1b0 c:/program files (x86)/atmel/studio/7.0/toolchain/avr8/avr8-gnu-toolchain/bin/../lib/gcc/avr/5.4.0/../../../../avr/lib/avr5\libc.a(ftoa_engine.o)
                0x00002826                __ftoa_engine
 .text.avr-libc
                0x000029d6       0x16 c:/program files (x86)/atmel/studio/7.0/toolchain/avr8/avr8-gnu-toolchain/bin/../lib/gcc/avr/5.4.0/../../../../avr/lib/avr5\libc.a(strnlen_P.o)
                0x000029d6                strnlen_P
 .text.avr-libc
                0x000029ec       0x16 c:/program files (x86)/atmel/studio/7.0/toolchain/avr8/avr8-gnu-toolchain/bin/../lib/gcc/avr/5.4.0/../../../../avr/lib/avr5\libc.a(strnlen.o)
                0x000029ec                strnlen
 .text.avr-libc
                0x00002a02       0x78 c:/program files (x86)/atmel/studio/7.0/toolchain/avr8/avr8-gnu-toolchain/bin/../lib/gcc/avr/5.4.0/../../../../avr/lib/avr5\libc.a(fputc.o)
                0x00002a02                fputc
 .text.avr-libc
                0x00002a7a       0xbc c:/program files (x86)/atmel/studio/7.0/toolchain/avr8/avr8-gnu-toolchain/bin/../lib/gcc/avr/5.4.0/../../../../avr/lib/avr5\libc.a(ultoa_invert.o)
                0x00002a7a                __ultoa_invert
 .text.libgcc.prologue
                0x00002b36       0x38 c:/program files (x86)/atmel/studio/7.0/toolchain/avr8/avr8-gnu-toolchain/bin/../lib/gcc/avr/5.4.0/avr5\libgcc.a(_prologue.o)
                0x00002b36                __prologue_saves__
 .text.libgcc.prologue
                0x00002b6e       0x36 c:/program files (x86)/atmel/studio/7.0/toolchain/avr8/avr8-gnu-toolchain/bin/../lib/gcc/avr/5.4.0/avr5\libgcc.a(_epilogue.o)
                0x00002b6e                __epilogue_restores__
                0x00002ba4                . = ALIGN (0x2)
 *(.fini9)
 .fini9         0x00002ba4        0x0 c:/program files (x86)/atmel/studio/7.0/toolchain/avr8/avr8-gnu-toolchain/bin/../lib/gcc/avr/5.4.0/avr5\libgcc.a(_exit.o)
                0x00002ba4                _exit
                0x00002ba4                exit
 *(.fini9)
 *(.fini8)
 *(.fini8)
 *(.fini7)
 *(.fini7)
 *(.fini6)
 *(.fini6)
 *(.fini5)
 *(.fini5)
 *(.fini4)
 *(.fini4)
 *(.fini3)
 *(.fini3)
 *(.fini2)
 *(.fini2)
 *(.fini1)
 *(.fini1)
 *(.fini0)
 .fini0         0x00002ba4        0x4 c:/program files (x86)/atmel/studio/7.0/toolchain/avr8/avr8-gnu-toolchain/bin/../lib/gcc/avr/5.4.0/avr5\libgcc.a(_exit.o)
 *(.fini0)
                0x00002ba8                _etext = .

.data           0x00800100       0xbe load address 0x00002ba8
                0x00800100                PROVIDE (__data_start, .)
 *(.data)
 *(.data*)
 .data.displ_flag_shot
                0x00800100        0x1 main.o
                0x00800100                displ_flag_shot
 .data.tasteri  0x00800101        0x1 main.o
                0x00800101                tasteri
 .data.delay_enable.2123
                0x00800102        0x1 PushButtons/tasteri.o
 .data.tasteri_reg.2113
                0x00800103        0x1 PushButtons/tasteri.o
 *(.gnu.linkonce.d*)
 *(.rodata)
 *(.rodata*)
 .rodata.str1.1
                0x00800104        0x0 lcd-1602/ispomoc_za_ispis.o
                                  0x5 (size before relaxing)
 .rodata.str1.1
                0x00800104       0x7a main.o
                                 0x83 (size before relaxing)
 .rodata.menu1_txt
                0x0080017e       0x40 main.o
                0x0080017e                menu1_txt
 *(.gnu.linkonce.r*)
                0x008001be                . = ALIGN (0x2)
                0x008001be                _edata = .
                0x008001be                PROVIDE (__data_end, .)

.bss            0x008001be       0x93
                0x008001be                PROVIDE (__bss_start, .)
 *(.bss)
 *(.bss*)
 .bss.isr_adc   0x008001be        0x1 ADC/ad_konverzija.o
                0x008001be                isr_adc
 .bss.ad_kanal  0x008001bf        0x1 ADC/ad_konverzija.o
                0x008001bf                ad_kanal
 .bss.energija  0x008001c0        0x4 ADC/ad_konverzija.o
                0x008001c0                energija
 .bss.snaga     0x008001c4        0x4 ADC/ad_konverzija.o
                0x008001c4                snaga
 .bss.struja    0x008001c8        0x4 ADC/ad_konverzija.o
                0x008001c8                struja
 .bss.napon     0x008001cc        0x2 ADC/ad_konverzija.o
                0x008001cc                napon
 .bss.adc_struja_raw
                0x008001ce        0x2 ADC/ad_konverzija.o
                0x008001ce                adc_struja_raw
 .bss.adc_napon_raw
                0x008001d0        0x2 ADC/ad_konverzija.o
                0x008001d0                adc_napon_raw
 .bss.jednok_se_desio
                0x008001d2        0x1 main.o
                0x008001d2                jednok_se_desio
 .bss.jednok_on_off
                0x008001d3        0x1 main.o
                0x008001d3                jednok_on_off
 .bss.kursor_horiz
                0x008001d4        0x1 main.o
                0x008001d4                kursor_horiz
 .bss.kursor_vert
                0x008001d5        0x1 main.o
                0x008001d5                kursor_vert
 .bss.STATE     0x008001d6        0x1 main.o
                0x008001d6                STATE
 .bss.ukljuceno
                0x008001d7        0x1 main.o
                0x008001d7                ukljuceno
 .bss.flag_pc_int_pomocni
                0x008001d8        0x1 PCint/pin_change_interrupt.o
                0x008001d8                flag_pc_int_pomocni
 .bss.flag_pc_int
                0x008001d9        0x1 PCint/pin_change_interrupt.o
                0x008001d9                flag_pc_int
 .bss.temp_tast.2121
                0x008001da        0x1 PushButtons/tasteri.o
 .bss.flag_stisnut.2122
                0x008001db        0x1 PushButtons/tasteri.o
 .bss.brojac_prekida_tajmera0_za100ms_VAkWh
                0x008001dc        0x1 Timer/tajmer.o
                0x008001dc                brojac_prekida_tajmera0_za100ms_VAkWh
 .bss.flag_prekid_100ms_VAkWh
                0x008001dd        0x1 Timer/tajmer.o
                0x008001dd                flag_prekid_100ms_VAkWh
 .bss.timer_disp_cycle
                0x008001de        0x2 Timer/tajmer.o
                0x008001de                timer_disp_cycle
 .bss.delay_timer
                0x008001e0        0x2 Timer/tajmer.o
                0x008001e0                delay_timer
 .bss.brojac_prekida_tajmera0_debounce_half
                0x008001e2        0x1 Timer/tajmer.o
                0x008001e2                brojac_prekida_tajmera0_debounce_half
 .bss.brojac_prekida_tajmera0_debounce
                0x008001e3        0x1 Timer/tajmer.o
                0x008001e3                brojac_prekida_tajmera0_debounce
 .bss.brojac_prekida_tajmera0
                0x008001e4        0x1 Timer/tajmer.o
                0x008001e4                brojac_prekida_tajmera0
 .bss.flag_prekid_debounce_time_half
                0x008001e5        0x1 Timer/tajmer.o
                0x008001e5                flag_prekid_debounce_time_half
 .bss.flag_prekid_debounce_time
                0x008001e6        0x1 Timer/tajmer.o
                0x008001e6                flag_prekid_debounce_time
 .bss.flag_prekid_50ms
                0x008001e7        0x1 Timer/tajmer.o
                0x008001e7                flag_prekid_50ms
 .bss.flag_tajmer0_prekid
                0x008001e8        0x1 Timer/tajmer.o
                0x008001e8                flag_tajmer0_prekid
 .bss.buff_size
                0x008001e9        0x1 Uart/uart.o
                0x008001e9                buff_size
 *(COMMON)
 COMMON         0x008001ea        0x1 lcd-1602/lcd1602.o
                0x008001ea                led_pin
 COMMON         0x008001eb       0x5c main.o
                0x008001eb                jednokratno_gasenje
                0x008001f4                jednokratno_paljenje
                0x008001fd                snap_shot_vremena
                0x00800206                bafer
                0x0080021a                snap_vreme_gasenja
                0x00800223                vreme_paljenja
                0x0080022c                snap_vreme_paljenja
                0x00800235                vreme_gasenja
                0x0080023e                vreme_datum
 COMMON         0x00800247        0xa Uart/uart.o
                0x00800247                input_char
                0x00800248                poslato
                0x00800249                input_buffer
                0x00800251                PROVIDE (__bss_end, .)
                0x00002ba8                __data_load_start = LOADADDR (.data)
                0x00002c66                __data_load_end = (__data_load_start + SIZEOF (.data))

.noinit         0x00800251        0x0
                [!provide]                PROVIDE (__noinit_start, .)
 *(.noinit*)
                [!provide]                PROVIDE (__noinit_end, .)
                0x00800251                _end = .
                [!provide]                PROVIDE (__heap_start, .)

.eeprom         0x00810000        0x0
 *(.eeprom*)
                0x00810000                __eeprom_end = .

.fuse
 *(.fuse)
 *(.lfuse)
 *(.hfuse)
 *(.efuse)

.lock
 *(.lock*)

.signature
 *(.signature*)

.user_signatures
 *(.user_signatures*)

.stab
 *(.stab)

.stabstr
 *(.stabstr)

.stab.excl
 *(.stab.excl)

.stab.exclstr
 *(.stab.exclstr)

.stab.index
 *(.stab.index)

.stab.indexstr
 *(.stab.indexstr)

.comment        0x00000000       0x5c
 *(.comment)
 .comment       0x00000000       0x30 ADC/ad_konverzija.o
                                 0x31 (size before relaxing)
 .comment       0x00000030       0x31 EEPROM internal/eeprom.o
 .comment       0x00000030       0x31 i2cmaster/i2cmaster.o
 .comment       0x00000030       0x31 lcd-1602/ispomoc_za_ispis.o
 .comment       0x00000030       0x31 lcd-1602/lcd1602.o
 .comment       0x00000030       0x31 main.o
 .comment       0x00000030       0x31 PCint/pin_change_interrupt.o
 .comment       0x00000030       0x31 PushButtons/tasteri.o
 .comment       0x00000030       0x31 RTC DS3231/rtc_ds3231.o
 .comment       0x00000030       0x31 Timer/tajmer.o
 .comment       0x00000030       0x31 Uart/uart.o
 .comment       0x00000030       0x31 c:/program files (x86)/atmel/studio/7.0/toolchain/avr8/avr8-gnu-toolchain/bin/../lib/gcc/avr/5.4.0/../../../../avr/lib/avr5\libc.a(dtostrf.o)
 .comment       0x00000030       0x31 c:/program files (x86)/atmel/studio/7.0/toolchain/avr8/avr8-gnu-toolchain/bin/../lib/gcc/avr/5.4.0/../../../../avr/lib/avr5\libc.a(sprintf.o)
 .comment       0x00000030       0x2c c:/program files (x86)/atmel/studio/7.0/toolchain/avr8/avr8-gnu-toolchain/bin/../lib/gcc/avr/5.4.0/../../../../avr/lib/avr5\libc.a(vfprintf_std.o)
                                 0x2d (size before relaxing)
 .comment       0x0000005c       0x31 c:/program files (x86)/atmel/studio/7.0/toolchain/avr8/avr8-gnu-toolchain/bin/../lib/gcc/avr/5.4.0/../../../../avr/lib/avr5\libc.a(dtoa_prf.o)
 .comment       0x0000005c       0x31 c:/program files (x86)/atmel/studio/7.0/toolchain/avr8/avr8-gnu-toolchain/bin/../lib/gcc/avr/5.4.0/../../../../avr/lib/avr5\libc.a(fputc.o)

.note.gnu.avr.deviceinfo
                0x00000000       0x40
 .note.gnu.avr.deviceinfo
                0x00000000       0x40 C:/Program Files (x86)/Atmel/Studio/7.0/Packs/atmel/ATmega_DFP/1.2.209/gcc/dev/atmega328p/avr5/crtatmega328p.o

.note.gnu.build-id
 *(.note.gnu.build-id)

.debug
 *(.debug)

.line
 *(.line)

.debug_srcinfo
 *(.debug_srcinfo)

.debug_sfnames
 *(.debug_sfnames)

.debug_aranges  0x00000000      0x2e8
 *(.debug_aranges)
 .debug_aranges
                0x00000000       0x30 ADC/ad_konverzija.o
 .debug_aranges
                0x00000030       0x28 EEPROM internal/eeprom.o
 .debug_aranges
                0x00000058       0x60 i2cmaster/i2cmaster.o
 .debug_aranges
                0x000000b8       0x30 lcd-1602/ispomoc_za_ispis.o
 .debug_aranges
                0x000000e8       0x58 lcd-1602/lcd1602.o
 .debug_aranges
                0x00000140       0x68 main.o
 .debug_aranges
                0x000001a8       0x28 PCint/pin_change_interrupt.o
 .debug_aranges
                0x000001d0       0x30 PushButtons/tasteri.o
 .debug_aranges
                0x00000200       0x88 RTC DS3231/rtc_ds3231.o
 .debug_aranges
                0x00000288       0x28 Timer/tajmer.o
 .debug_aranges
                0x000002b0       0x38 Uart/uart.o

.debug_pubnames
 *(.debug_pubnames)

.debug_info     0x00000000     0x3a5c
 *(.debug_info .gnu.linkonce.wi.*)
 .debug_info    0x00000000      0x5f4 C:/Program Files (x86)/Atmel/Studio/7.0/Packs/atmel/ATmega_DFP/1.2.209/gcc/dev/atmega328p/avr5/crtatmega328p.o
 .debug_info    0x000005f4      0x15b ADC/ad_konverzija.o
 .debug_info    0x0000074f       0xe3 EEPROM internal/eeprom.o
 .debug_info    0x00000832      0x224 i2cmaster/i2cmaster.o
 .debug_info    0x00000a56      0x302 lcd-1602/ispomoc_za_ispis.o
 .debug_info    0x00000d58      0x722 lcd-1602/lcd1602.o
 .debug_info    0x0000147a     0x1649 main.o
 .debug_info    0x00002ac3       0xc8 PCint/pin_change_interrupt.o
 .debug_info    0x00002b8b      0x1d2 PushButtons/tasteri.o
 .debug_info    0x00002d5d      0xa03 RTC DS3231/rtc_ds3231.o
 .debug_info    0x00003760      0x17a Timer/tajmer.o
 .debug_info    0x000038da      0x182 Uart/uart.o

.debug_abbrev   0x00000000     0x10a6
 *(.debug_abbrev)
 .debug_abbrev  0x00000000      0x5a2 C:/Program Files (x86)/Atmel/Studio/7.0/Packs/atmel/ATmega_DFP/1.2.209/gcc/dev/atmega328p/avr5/crtatmega328p.o
 .debug_abbrev  0x000005a2       0x95 ADC/ad_konverzija.o
 .debug_abbrev  0x00000637       0x8b EEPROM internal/eeprom.o
 .debug_abbrev  0x000006c2      0x115 i2cmaster/i2cmaster.o
 .debug_abbrev  0x000007d7       0xcd lcd-1602/ispomoc_za_ispis.o
 .debug_abbrev  0x000008a4      0x191 lcd-1602/lcd1602.o
 .debug_abbrev  0x00000a35      0x231 main.o
 .debug_abbrev  0x00000c66       0x7f PCint/pin_change_interrupt.o
 .debug_abbrev  0x00000ce5       0xfa PushButtons/tasteri.o
 .debug_abbrev  0x00000ddf      0x18c RTC DS3231/rtc_ds3231.o
 .debug_abbrev  0x00000f6b       0x7f Timer/tajmer.o
 .debug_abbrev  0x00000fea       0xbc Uart/uart.o

.debug_line     0x00000000     0x200f
 *(.debug_line .debug_line.* .debug_line_end)
 .debug_line    0x00000000      0x133 C:/Program Files (x86)/Atmel/Studio/7.0/Packs/atmel/ATmega_DFP/1.2.209/gcc/dev/atmega328p/avr5/crtatmega328p.o
 .debug_line    0x00000133      0x168 ADC/ad_konverzija.o
 .debug_line    0x0000029b      0x10b EEPROM internal/eeprom.o
 .debug_line    0x000003a6      0x2f1 i2cmaster/i2cmaster.o
 .debug_line    0x00000697      0x23d lcd-1602/ispomoc_za_ispis.o
 .debug_line    0x000008d4      0x2fa lcd-1602/lcd1602.o
 .debug_line    0x00000bce      0xb2a main.o
 .debug_line    0x000016f8       0xe9 PCint/pin_change_interrupt.o
 .debug_line    0x000017e1      0x1d8 PushButtons/tasteri.o
 .debug_line    0x000019b9      0x39a RTC DS3231/rtc_ds3231.o
 .debug_line    0x00001d53      0x13b Timer/tajmer.o
 .debug_line    0x00001e8e      0x181 Uart/uart.o

.debug_frame    0x00000000      0x838
 *(.debug_frame)
 .debug_frame   0x00000000       0x7c ADC/ad_konverzija.o
 .debug_frame   0x0000007c       0x34 EEPROM internal/eeprom.o
 .debug_frame   0x000000b0       0xb8 i2cmaster/i2cmaster.o
 .debug_frame   0x00000168      0x104 lcd-1602/ispomoc_za_ispis.o
 .debug_frame   0x0000026c       0xc0 lcd-1602/lcd1602.o
 .debug_frame   0x0000032c      0x1b0 main.o
 .debug_frame   0x000004dc       0x44 PCint/pin_change_interrupt.o
 .debug_frame   0x00000520       0x44 PushButtons/tasteri.o
 .debug_frame   0x00000564      0x210 RTC DS3231/rtc_ds3231.o
 .debug_frame   0x00000774       0x48 Timer/tajmer.o
 .debug_frame   0x000007bc       0x7c Uart/uart.o

.debug_str      0x00000000      0xbe8
 *(.debug_str)
 .debug_str     0x00000000      0x208 C:/Program Files (x86)/Atmel/Studio/7.0/Packs/atmel/ATmega_DFP/1.2.209/gcc/dev/atmega328p/avr5/crtatmega328p.o
 .debug_str     0x00000208      0x1d1 ADC/ad_konverzija.o
                                0x20a (size before relaxing)
 .debug_str     0x000003d9       0x46 EEPROM internal/eeprom.o
                                0x1cb (size before relaxing)
 .debug_str     0x0000041f       0x9c i2cmaster/i2cmaster.o
                                0x213 (size before relaxing)
 .debug_str     0x000004bb       0x92 lcd-1602/ispomoc_za_ispis.o
                                0x215 (size before relaxing)
 .debug_str     0x0000054d       0xdc lcd-1602/lcd1602.o
                                0x29c (size before relaxing)
 .debug_str     0x00000629      0x282 main.o
                                0x4ec (size before relaxing)
 .debug_str     0x000008ab       0x33 PCint/pin_change_interrupt.o
                                0x1cf (size before relaxing)
 .debug_str     0x000008de       0xe2 PushButtons/tasteri.o
                                0x291 (size before relaxing)
 .debug_str     0x000009c0       0xf1 RTC DS3231/rtc_ds3231.o
                                0x2bc (size before relaxing)
 .debug_str     0x00000ab1       0xc4 Timer/tajmer.o
                                0x2c8 (size before relaxing)
 .debug_str     0x00000b75       0x73 Uart/uart.o
                                0x20a (size before relaxing)

.debug_loc      0x00000000     0x2606
 *(.debug_loc)
 .debug_loc     0x00000000       0xb9 ADC/ad_konverzija.o
 .debug_loc     0x000000b9       0x24 EEPROM internal/eeprom.o
 .debug_loc     0x000000dd      0x19c i2cmaster/i2cmaster.o
 .debug_loc     0x00000279      0x6a5 lcd-1602/ispomoc_za_ispis.o
 .debug_loc     0x0000091e      0x64f lcd-1602/lcd1602.o
 .debug_loc     0x00000f6d      0x5ae main.o
 .debug_loc     0x0000151b       0x3c PCint/pin_change_interrupt.o
 .debug_loc     0x00001557      0x186 PushButtons/tasteri.o
 .debug_loc     0x000016dd      0xe19 RTC DS3231/rtc_ds3231.o
 .debug_loc     0x000024f6       0x49 Timer/tajmer.o
 .debug_loc     0x0000253f       0xc7 Uart/uart.o

.debug_macinfo
 *(.debug_macinfo)

.debug_weaknames
 *(.debug_weaknames)

.debug_funcnames
 *(.debug_funcnames)

.debug_typenames
 *(.debug_typenames)

.debug_varnames
 *(.debug_varnames)

.debug_pubtypes
 *(.debug_pubtypes)

.debug_ranges   0x00000000      0x238
 *(.debug_ranges)
 .debug_ranges  0x00000000       0x20 ADC/ad_konverzija.o
 .debug_ranges  0x00000020       0x18 EEPROM internal/eeprom.o
 .debug_ranges  0x00000038       0x50 i2cmaster/i2cmaster.o
 .debug_ranges  0x00000088       0x20 lcd-1602/ispomoc_za_ispis.o
 .debug_ranges  0x000000a8       0x48 lcd-1602/lcd1602.o
 .debug_ranges  0x000000f0       0x58 main.o
 .debug_ranges  0x00000148       0x18 PCint/pin_change_interrupt.o
 .debug_ranges  0x00000160       0x20 PushButtons/tasteri.o
 .debug_ranges  0x00000180       0x78 RTC DS3231/rtc_ds3231.o
 .debug_ranges  0x000001f8       0x18 Timer/tajmer.o
 .debug_ranges  0x00000210       0x28 Uart/uart.o

.debug_macro
 *(.debug_macro)
OUTPUT(timer_kwh_metar_boiler.elf elf32-avr)
LOAD linker stubs
