Archive member included to satisfy reference by file (symbol)

c:/program files (x86)/atmel/studio/7.0/toolchain/avr8/avr8-gnu-toolchain/bin/../lib/gcc/avr/5.4.0/../../../../avr/lib/avr5\libm.a(addsf3.o)
                              main.o (__addsf3)
c:/program files (x86)/atmel/studio/7.0/toolchain/avr8/avr8-gnu-toolchain/bin/../lib/gcc/avr/5.4.0/../../../../avr/lib/avr5\libm.a(addsf3x.o)
                              c:/program files (x86)/atmel/studio/7.0/toolchain/avr8/avr8-gnu-toolchain/bin/../lib/gcc/avr/5.4.0/../../../../avr/lib/avr5\libm.a(addsf3.o) (__addsf3x)
c:/program files (x86)/atmel/studio/7.0/toolchain/avr8/avr8-gnu-toolchain/bin/../lib/gcc/avr/5.4.0/../../../../avr/lib/avr5\libm.a(divsf3.o)
                              ADC/ad_konverzija.o (__divsf3)
c:/program files (x86)/atmel/studio/7.0/toolchain/avr8/avr8-gnu-toolchain/bin/../lib/gcc/avr/5.4.0/../../../../avr/lib/avr5\libm.a(divsf3x.o)
                              c:/program files (x86)/atmel/studio/7.0/toolchain/avr8/avr8-gnu-toolchain/bin/../lib/gcc/avr/5.4.0/../../../../avr/lib/avr5\libm.a(divsf3.o) (__divsf3x)
c:/program files (x86)/atmel/studio/7.0/toolchain/avr8/avr8-gnu-toolchain/bin/../lib/gcc/avr/5.4.0/../../../../avr/lib/avr5\libm.a(fixunssfsi.o)
                              ADC/ad_konverzija.o (__fixunssfsi)
c:/program files (x86)/atmel/studio/7.0/toolchain/avr8/avr8-gnu-toolchain/bin/../lib/gcc/avr/5.4.0/../../../../avr/lib/avr5\libm.a(floatsisf.o)
                              ADC/ad_konverzija.o (__floatunsisf)
c:/program files (x86)/atmel/studio/7.0/toolchain/avr8/avr8-gnu-toolchain/bin/../lib/gcc/avr/5.4.0/../../../../avr/lib/avr5\libm.a(fp_inf.o)
                              c:/program files (x86)/atmel/studio/7.0/toolchain/avr8/avr8-gnu-toolchain/bin/../lib/gcc/avr/5.4.0/../../../../avr/lib/avr5\libm.a(addsf3x.o) (__fp_inf)
c:/program files (x86)/atmel/studio/7.0/toolchain/avr8/avr8-gnu-toolchain/bin/../lib/gcc/avr/5.4.0/../../../../avr/lib/avr5\libm.a(fp_nan.o)
                              c:/program files (x86)/atmel/studio/7.0/toolchain/avr8/avr8-gnu-toolchain/bin/../lib/gcc/avr/5.4.0/../../../../avr/lib/avr5\libm.a(addsf3x.o) (__fp_nan)
c:/program files (x86)/atmel/studio/7.0/toolchain/avr8/avr8-gnu-toolchain/bin/../lib/gcc/avr/5.4.0/../../../../avr/lib/avr5\libm.a(fp_pscA.o)
                              c:/program files (x86)/atmel/studio/7.0/toolchain/avr8/avr8-gnu-toolchain/bin/../lib/gcc/avr/5.4.0/../../../../avr/lib/avr5\libm.a(addsf3x.o) (__fp_pscA)
c:/program files (x86)/atmel/studio/7.0/toolchain/avr8/avr8-gnu-toolchain/bin/../lib/gcc/avr/5.4.0/../../../../avr/lib/avr5\libm.a(fp_pscB.o)
                              c:/program files (x86)/atmel/studio/7.0/toolchain/avr8/avr8-gnu-toolchain/bin/../lib/gcc/avr/5.4.0/../../../../avr/lib/avr5\libm.a(addsf3x.o) (__fp_pscB)
c:/program files (x86)/atmel/studio/7.0/toolchain/avr8/avr8-gnu-toolchain/bin/../lib/gcc/avr/5.4.0/../../../../avr/lib/avr5\libm.a(fp_round.o)
                              c:/program files (x86)/atmel/studio/7.0/toolchain/avr8/avr8-gnu-toolchain/bin/../lib/gcc/avr/5.4.0/../../../../avr/lib/avr5\libm.a(addsf3.o) (__fp_round)
c:/program files (x86)/atmel/studio/7.0/toolchain/avr8/avr8-gnu-toolchain/bin/../lib/gcc/avr/5.4.0/../../../../avr/lib/avr5\libm.a(fp_split3.o)
                              c:/program files (x86)/atmel/studio/7.0/toolchain/avr8/avr8-gnu-toolchain/bin/../lib/gcc/avr/5.4.0/../../../../avr/lib/avr5\libm.a(addsf3x.o) (__fp_split3)
c:/program files (x86)/atmel/studio/7.0/toolchain/avr8/avr8-gnu-toolchain/bin/../lib/gcc/avr/5.4.0/../../../../avr/lib/avr5\libm.a(fp_zero.o)
                              c:/program files (x86)/atmel/studio/7.0/toolchain/avr8/avr8-gnu-toolchain/bin/../lib/gcc/avr/5.4.0/../../../../avr/lib/avr5\libm.a(addsf3x.o) (__fp_zero)
c:/program files (x86)/atmel/studio/7.0/toolchain/avr8/avr8-gnu-toolchain/bin/../lib/gcc/avr/5.4.0/../../../../avr/lib/avr5\libm.a(mulsf3.o)
                              ADC/ad_konverzija.o (__mulsf3)
c:/program files (x86)/atmel/studio/7.0/toolchain/avr8/avr8-gnu-toolchain/bin/../lib/gcc/avr/5.4.0/../../../../avr/lib/avr5\libm.a(mulsf3x.o)
                              c:/program files (x86)/atmel/studio/7.0/toolchain/avr8/avr8-gnu-toolchain/bin/../lib/gcc/avr/5.4.0/../../../../avr/lib/avr5\libm.a(mulsf3.o) (__mulsf3x)
c:/program files (x86)/atmel/studio/7.0/toolchain/avr8/avr8-gnu-toolchain/bin/../lib/gcc/avr/5.4.0/avr5\libgcc.a(_exit.o)
                              C:/Program Files (x86)/Atmel/Studio/7.0/Packs/atmel/ATmega_DFP/1.2.209/gcc/dev/atmega328p/avr5/crtatmega328p.o (exit)
c:/program files (x86)/atmel/studio/7.0/toolchain/avr8/avr8-gnu-toolchain/bin/../lib/gcc/avr/5.4.0/avr5\libgcc.a(_tablejump2.o)
                              main.o (__tablejump2__)
c:/program files (x86)/atmel/studio/7.0/toolchain/avr8/avr8-gnu-toolchain/bin/../lib/gcc/avr/5.4.0/avr5\libgcc.a(_copy_data.o)
                              lcd-1602/ispomoc_za_ispis.o (__do_copy_data)
c:/program files (x86)/atmel/studio/7.0/toolchain/avr8/avr8-gnu-toolchain/bin/../lib/gcc/avr/5.4.0/avr5\libgcc.a(_clear_bss.o)
                              ADC/ad_konverzija.o (__do_clear_bss)
c:/program files (x86)/atmel/studio/7.0/toolchain/avr8/avr8-gnu-toolchain/bin/../lib/gcc/avr/5.4.0/../../../../avr/lib/avr5\libc.a(dtostrf.o)
                              main.o (dtostrf)
c:/program files (x86)/atmel/studio/7.0/toolchain/avr8/avr8-gnu-toolchain/bin/../lib/gcc/avr/5.4.0/../../../../avr/lib/avr5\libc.a(sprintf.o)
                              lcd-1602/ispomoc_za_ispis.o (sprintf)
c:/program files (x86)/atmel/studio/7.0/toolchain/avr8/avr8-gnu-toolchain/bin/../lib/gcc/avr/5.4.0/../../../../avr/lib/avr5\libc.a(vfprintf_std.o)
                              c:/program files (x86)/atmel/studio/7.0/toolchain/avr8/avr8-gnu-toolchain/bin/../lib/gcc/avr/5.4.0/../../../../avr/lib/avr5\libc.a(sprintf.o) (vfprintf)
c:/program files (x86)/atmel/studio/7.0/toolchain/avr8/avr8-gnu-toolchain/bin/../lib/gcc/avr/5.4.0/../../../../avr/lib/avr5\libc.a(dtoa_prf.o)
                              c:/program files (x86)/atmel/studio/7.0/toolchain/avr8/avr8-gnu-toolchain/bin/../lib/gcc/avr/5.4.0/../../../../avr/lib/avr5\libc.a(dtostrf.o) (dtoa_prf)
c:/program files (x86)/atmel/studio/7.0/toolchain/avr8/avr8-gnu-toolchain/bin/../lib/gcc/avr/5.4.0/../../../../avr/lib/avr5\libc.a(ftoa_engine.o)
                              c:/program files (x86)/atmel/studio/7.0/toolchain/avr8/avr8-gnu-toolchain/bin/../lib/gcc/avr/5.4.0/../../../../avr/lib/avr5\libc.a(dtoa_prf.o) (__ftoa_engine)
c:/program files (x86)/atmel/studio/7.0/toolchain/avr8/avr8-gnu-toolchain/bin/../lib/gcc/avr/5.4.0/../../../../avr/lib/avr5\libc.a(strnlen_P.o)
                              c:/program files (x86)/atmel/studio/7.0/toolchain/avr8/avr8-gnu-toolchain/bin/../lib/gcc/avr/5.4.0/../../../../avr/lib/avr5\libc.a(vfprintf_std.o) (strnlen_P)
c:/program files (x86)/atmel/studio/7.0/toolchain/avr8/avr8-gnu-toolchain/bin/../lib/gcc/avr/5.4.0/../../../../avr/lib/avr5\libc.a(strnlen.o)
                              c:/program files (x86)/atmel/studio/7.0/toolchain/avr8/avr8-gnu-toolchain/bin/../lib/gcc/avr/5.4.0/../../../../avr/lib/avr5\libc.a(vfprintf_std.o) (strnlen)
c:/program files (x86)/atmel/studio/7.0/toolchain/avr8/avr8-gnu-toolchain/bin/../lib/gcc/avr/5.4.0/../../../../avr/lib/avr5\libc.a(fputc.o)
                              c:/program files (x86)/atmel/studio/7.0/toolchain/avr8/avr8-gnu-toolchain/bin/../lib/gcc/avr/5.4.0/../../../../avr/lib/avr5\libc.a(vfprintf_std.o) (fputc)
c:/program files (x86)/atmel/studio/7.0/toolchain/avr8/avr8-gnu-toolchain/bin/../lib/gcc/avr/5.4.0/../../../../avr/lib/avr5\libc.a(ultoa_invert.o)
                              c:/program files (x86)/atmel/studio/7.0/toolchain/avr8/avr8-gnu-toolchain/bin/../lib/gcc/avr/5.4.0/../../../../avr/lib/avr5\libc.a(vfprintf_std.o) (__ultoa_invert)
c:/program files (x86)/atmel/studio/7.0/toolchain/avr8/avr8-gnu-toolchain/bin/../lib/gcc/avr/5.4.0/avr5\libgcc.a(_prologue.o)
                              c:/program files (x86)/atmel/studio/7.0/toolchain/avr8/avr8-gnu-toolchain/bin/../lib/gcc/avr/5.4.0/../../../../avr/lib/avr5\libc.a(sprintf.o) (__prologue_saves__)
c:/program files (x86)/atmel/studio/7.0/toolchain/avr8/avr8-gnu-toolchain/bin/../lib/gcc/avr/5.4.0/avr5\libgcc.a(_epilogue.o)
                              c:/program files (x86)/atmel/studio/7.0/toolchain/avr8/avr8-gnu-toolchain/bin/../lib/gcc/avr/5.4.0/../../../../avr/lib/avr5\libc.a(sprintf.o) (__epilogue_restores__)

Allocating common symbols
Common symbol       size              file

input_char          0x1               Uart/uart.o
jednokratno_gasenje
                    0x9               main.o
jednokratno_paljenje
                    0x9               main.o
poslato             0x1               Uart/uart.o
buff                0xf               PushButtons/tasteri.o
snap_shot_vremena   0x9               main.o
bafer               0x14              main.o
input_buffer        0x8               Uart/uart.o
vreme_trenutno      0x9               main.o
led_pin             0x1               lcd-1602/lcd1602.o
snap_vreme_gasenja  0x9               main.o
vreme_paljenja      0x9               main.o
snap_vreme_paljenja
                    0x9               main.o
vreme_gasenja       0x9               main.o

Discarded input sections

 .data          0x00000000        0x0 C:/Program Files (x86)/Atmel/Studio/7.0/Packs/atmel/ATmega_DFP/1.2.209/gcc/dev/atmega328p/avr5/crtatmega328p.o
 .bss           0x00000000        0x0 C:/Program Files (x86)/Atmel/Studio/7.0/Packs/atmel/ATmega_DFP/1.2.209/gcc/dev/atmega328p/avr5/crtatmega328p.o
 .text          0x00000000        0x0 ADC/ad_konverzija.o
 .data          0x00000000        0x0 ADC/ad_konverzija.o
 .bss           0x00000000        0x0 ADC/ad_konverzija.o
 .text          0x00000000        0x0 EEPROM internal/eeprom.o
 .data          0x00000000        0x0 EEPROM internal/eeprom.o
 .bss           0x00000000        0x0 EEPROM internal/eeprom.o
 .text          0x00000000        0x0 i2cmaster/i2cmaster.o
 .data          0x00000000        0x0 i2cmaster/i2cmaster.o
 .bss           0x00000000        0x0 i2cmaster/i2cmaster.o
 .text.i2c_start
                0x00000000       0x4e i2cmaster/i2cmaster.o
 .text.i2c_rep_start
                0x00000000        0x6 i2cmaster/i2cmaster.o
 .text.i2c_readAck
                0x00000000       0x16 i2cmaster/i2cmaster.o
 .text          0x00000000        0x0 lcd-1602/ispomoc_za_ispis.o
 .data          0x00000000        0x0 lcd-1602/ispomoc_za_ispis.o
 .bss           0x00000000        0x0 lcd-1602/ispomoc_za_ispis.o
 .text          0x00000000        0x0 lcd-1602/lcd1602.o
 .data          0x00000000        0x0 lcd-1602/lcd1602.o
 .bss           0x00000000        0x0 lcd-1602/lcd1602.o
 .text.lcd1602_clear
                0x00000000       0x16 lcd-1602/lcd1602.o
 .text          0x00000000        0x0 main.o
 .data          0x00000000        0x0 main.o
 .bss           0x00000000        0x0 main.o
 .text.byte_to_binary
                0x00000000       0x34 main.o
 .bss.b.2278    0x00000000        0x9 main.o
 .rodata.brojRedova
                0x00000000        0x1 main.o
 .text          0x00000000        0x0 PCint/pin_change_interrupt.o
 .data          0x00000000        0x0 PCint/pin_change_interrupt.o
 .bss           0x00000000        0x0 PCint/pin_change_interrupt.o
 .text          0x00000000        0x0 PushButtons/tasteri.o
 .data          0x00000000        0x0 PushButtons/tasteri.o
 .bss           0x00000000        0x0 PushButtons/tasteri.o
 COMMON         0x00000000        0xf PushButtons/tasteri.o
 .text          0x00000000        0x0 RTC DS3231/rtc_ds3231.o
 .data          0x00000000        0x0 RTC DS3231/rtc_ds3231.o
 .bss           0x00000000        0x0 RTC DS3231/rtc_ds3231.o
 .text.getDate  0x00000000       0x66 RTC DS3231/rtc_ds3231.o
 .text.setDate  0x00000000       0x4a RTC DS3231/rtc_ds3231.o
 .text.setA1Time
                0x00000000       0x6c RTC DS3231/rtc_ds3231.o
 .text.setA2Time
                0x00000000       0x56 RTC DS3231/rtc_ds3231.o
 .text.getA1Time
                0x00000000       0x66 RTC DS3231/rtc_ds3231.o
 .text.getA2Time
                0x00000000       0x66 RTC DS3231/rtc_ds3231.o
 .text.getTemp  0x00000000       0x64 RTC DS3231/rtc_ds3231.o
 .text          0x00000000        0x0 Timer/tajmer.o
 .data          0x00000000        0x0 Timer/tajmer.o
 .bss           0x00000000        0x0 Timer/tajmer.o
 .text          0x00000000        0x0 Uart/uart.o
 .data          0x00000000        0x0 Uart/uart.o
 .bss           0x00000000        0x0 Uart/uart.o
 .text          0x00000000        0x0 c:/program files (x86)/atmel/studio/7.0/toolchain/avr8/avr8-gnu-toolchain/bin/../lib/gcc/avr/5.4.0/../../../../avr/lib/avr5\libm.a(addsf3.o)
 .data          0x00000000        0x0 c:/program files (x86)/atmel/studio/7.0/toolchain/avr8/avr8-gnu-toolchain/bin/../lib/gcc/avr/5.4.0/../../../../avr/lib/avr5\libm.a(addsf3.o)
 .bss           0x00000000        0x0 c:/program files (x86)/atmel/studio/7.0/toolchain/avr8/avr8-gnu-toolchain/bin/../lib/gcc/avr/5.4.0/../../../../avr/lib/avr5\libm.a(addsf3.o)
 .text          0x00000000        0x0 c:/program files (x86)/atmel/studio/7.0/toolchain/avr8/avr8-gnu-toolchain/bin/../lib/gcc/avr/5.4.0/../../../../avr/lib/avr5\libm.a(addsf3x.o)
 .data          0x00000000        0x0 c:/program files (x86)/atmel/studio/7.0/toolchain/avr8/avr8-gnu-toolchain/bin/../lib/gcc/avr/5.4.0/../../../../avr/lib/avr5\libm.a(addsf3x.o)
 .bss           0x00000000        0x0 c:/program files (x86)/atmel/studio/7.0/toolchain/avr8/avr8-gnu-toolchain/bin/../lib/gcc/avr/5.4.0/../../../../avr/lib/avr5\libm.a(addsf3x.o)
 .text          0x00000000        0x0 c:/program files (x86)/atmel/studio/7.0/toolchain/avr8/avr8-gnu-toolchain/bin/../lib/gcc/avr/5.4.0/../../../../avr/lib/avr5\libm.a(divsf3.o)
 .data          0x00000000        0x0 c:/program files (x86)/atmel/studio/7.0/toolchain/avr8/avr8-gnu-toolchain/bin/../lib/gcc/avr/5.4.0/../../../../avr/lib/avr5\libm.a(divsf3.o)
 .bss           0x00000000        0x0 c:/program files (x86)/atmel/studio/7.0/toolchain/avr8/avr8-gnu-toolchain/bin/../lib/gcc/avr/5.4.0/../../../../avr/lib/avr5\libm.a(divsf3.o)
 .text          0x00000000        0x0 c:/program files (x86)/atmel/studio/7.0/toolchain/avr8/avr8-gnu-toolchain/bin/../lib/gcc/avr/5.4.0/../../../../avr/lib/avr5\libm.a(divsf3x.o)
 .data          0x00000000        0x0 c:/program files (x86)/atmel/studio/7.0/toolchain/avr8/avr8-gnu-toolchain/bin/../lib/gcc/avr/5.4.0/../../../../avr/lib/avr5\libm.a(divsf3x.o)
 .bss           0x00000000        0x0 c:/program files (x86)/atmel/studio/7.0/toolchain/avr8/avr8-gnu-toolchain/bin/../lib/gcc/avr/5.4.0/../../../../avr/lib/avr5\libm.a(divsf3x.o)
 .text          0x00000000        0x0 c:/program files (x86)/atmel/studio/7.0/toolchain/avr8/avr8-gnu-toolchain/bin/../lib/gcc/avr/5.4.0/../../../../avr/lib/avr5\libm.a(fixunssfsi.o)
 .data          0x00000000        0x0 c:/program files (x86)/atmel/studio/7.0/toolchain/avr8/avr8-gnu-toolchain/bin/../lib/gcc/avr/5.4.0/../../../../avr/lib/avr5\libm.a(fixunssfsi.o)
 .bss           0x00000000        0x0 c:/program files (x86)/atmel/studio/7.0/toolchain/avr8/avr8-gnu-toolchain/bin/../lib/gcc/avr/5.4.0/../../../../avr/lib/avr5\libm.a(fixunssfsi.o)
 .text          0x00000000        0x0 c:/program files (x86)/atmel/studio/7.0/toolchain/avr8/avr8-gnu-toolchain/bin/../lib/gcc/avr/5.4.0/../../../../avr/lib/avr5\libm.a(floatsisf.o)
 .data          0x00000000        0x0 c:/program files (x86)/atmel/studio/7.0/toolchain/avr8/avr8-gnu-toolchain/bin/../lib/gcc/avr/5.4.0/../../../../avr/lib/avr5\libm.a(floatsisf.o)
 .bss           0x00000000        0x0 c:/program files (x86)/atmel/studio/7.0/toolchain/avr8/avr8-gnu-toolchain/bin/../lib/gcc/avr/5.4.0/../../../../avr/lib/avr5\libm.a(floatsisf.o)
 .text          0x00000000        0x0 c:/program files (x86)/atmel/studio/7.0/toolchain/avr8/avr8-gnu-toolchain/bin/../lib/gcc/avr/5.4.0/../../../../avr/lib/avr5\libm.a(fp_inf.o)
 .data          0x00000000        0x0 c:/program files (x86)/atmel/studio/7.0/toolchain/avr8/avr8-gnu-toolchain/bin/../lib/gcc/avr/5.4.0/../../../../avr/lib/avr5\libm.a(fp_inf.o)
 .bss           0x00000000        0x0 c:/program files (x86)/atmel/studio/7.0/toolchain/avr8/avr8-gnu-toolchain/bin/../lib/gcc/avr/5.4.0/../../../../avr/lib/avr5\libm.a(fp_inf.o)
 .text          0x00000000        0x0 c:/program files (x86)/atmel/studio/7.0/toolchain/avr8/avr8-gnu-toolchain/bin/../lib/gcc/avr/5.4.0/../../../../avr/lib/avr5\libm.a(fp_nan.o)
 .data          0x00000000        0x0 c:/program files (x86)/atmel/studio/7.0/toolchain/avr8/avr8-gnu-toolchain/bin/../lib/gcc/avr/5.4.0/../../../../avr/lib/avr5\libm.a(fp_nan.o)
 .bss           0x00000000        0x0 c:/program files (x86)/atmel/studio/7.0/toolchain/avr8/avr8-gnu-toolchain/bin/../lib/gcc/avr/5.4.0/../../../../avr/lib/avr5\libm.a(fp_nan.o)
 .text          0x00000000        0x0 c:/program files (x86)/atmel/studio/7.0/toolchain/avr8/avr8-gnu-toolchain/bin/../lib/gcc/avr/5.4.0/../../../../avr/lib/avr5\libm.a(fp_pscA.o)
 .data          0x00000000        0x0 c:/program files (x86)/atmel/studio/7.0/toolchain/avr8/avr8-gnu-toolchain/bin/../lib/gcc/avr/5.4.0/../../../../avr/lib/avr5\libm.a(fp_pscA.o)
 .bss           0x00000000        0x0 c:/program files (x86)/atmel/studio/7.0/toolchain/avr8/avr8-gnu-toolchain/bin/../lib/gcc/avr/5.4.0/../../../../avr/lib/avr5\libm.a(fp_pscA.o)
 .text          0x00000000        0x0 c:/program files (x86)/atmel/studio/7.0/toolchain/avr8/avr8-gnu-toolchain/bin/../lib/gcc/avr/5.4.0/../../../../avr/lib/avr5\libm.a(fp_pscB.o)
 .data          0x00000000        0x0 c:/program files (x86)/atmel/studio/7.0/toolchain/avr8/avr8-gnu-toolchain/bin/../lib/gcc/avr/5.4.0/../../../../avr/lib/avr5\libm.a(fp_pscB.o)
 .bss           0x00000000        0x0 c:/program files (x86)/atmel/studio/7.0/toolchain/avr8/avr8-gnu-toolchain/bin/../lib/gcc/avr/5.4.0/../../../../avr/lib/avr5\libm.a(fp_pscB.o)
 .text          0x00000000        0x0 c:/program files (x86)/atmel/studio/7.0/toolchain/avr8/avr8-gnu-toolchain/bin/../lib/gcc/avr/5.4.0/../../../../avr/lib/avr5\libm.a(fp_round.o)
 .data          0x00000000        0x0 c:/program files (x86)/atmel/studio/7.0/toolchain/avr8/avr8-gnu-toolchain/bin/../lib/gcc/avr/5.4.0/../../../../avr/lib/avr5\libm.a(fp_round.o)
 .bss           0x00000000        0x0 c:/program files (x86)/atmel/studio/7.0/toolchain/avr8/avr8-gnu-toolchain/bin/../lib/gcc/avr/5.4.0/../../../../avr/lib/avr5\libm.a(fp_round.o)
 .text          0x00000000        0x0 c:/program files (x86)/atmel/studio/7.0/toolchain/avr8/avr8-gnu-toolchain/bin/../lib/gcc/avr/5.4.0/../../../../avr/lib/avr5\libm.a(fp_split3.o)
 .data          0x00000000        0x0 c:/program files (x86)/atmel/studio/7.0/toolchain/avr8/avr8-gnu-toolchain/bin/../lib/gcc/avr/5.4.0/../../../../avr/lib/avr5\libm.a(fp_split3.o)
 .bss           0x00000000        0x0 c:/program files (x86)/atmel/studio/7.0/toolchain/avr8/avr8-gnu-toolchain/bin/../lib/gcc/avr/5.4.0/../../../../avr/lib/avr5\libm.a(fp_split3.o)
 .text          0x00000000        0x0 c:/program files (x86)/atmel/studio/7.0/toolchain/avr8/avr8-gnu-toolchain/bin/../lib/gcc/avr/5.4.0/../../../../avr/lib/avr5\libm.a(fp_zero.o)
 .data          0x00000000        0x0 c:/program files (x86)/atmel/studio/7.0/toolchain/avr8/avr8-gnu-toolchain/bin/../lib/gcc/avr/5.4.0/../../../../avr/lib/avr5\libm.a(fp_zero.o)
 .bss           0x00000000        0x0 c:/program files (x86)/atmel/studio/7.0/toolchain/avr8/avr8-gnu-toolchain/bin/../lib/gcc/avr/5.4.0/../../../../avr/lib/avr5\libm.a(fp_zero.o)
 .text          0x00000000        0x0 c:/program files (x86)/atmel/studio/7.0/toolchain/avr8/avr8-gnu-toolchain/bin/../lib/gcc/avr/5.4.0/../../../../avr/lib/avr5\libm.a(mulsf3.o)
 .data          0x00000000        0x0 c:/program files (x86)/atmel/studio/7.0/toolchain/avr8/avr8-gnu-toolchain/bin/../lib/gcc/avr/5.4.0/../../../../avr/lib/avr5\libm.a(mulsf3.o)
 .bss           0x00000000        0x0 c:/program files (x86)/atmel/studio/7.0/toolchain/avr8/avr8-gnu-toolchain/bin/../lib/gcc/avr/5.4.0/../../../../avr/lib/avr5\libm.a(mulsf3.o)
 .text          0x00000000        0x0 c:/program files (x86)/atmel/studio/7.0/toolchain/avr8/avr8-gnu-toolchain/bin/../lib/gcc/avr/5.4.0/../../../../avr/lib/avr5\libm.a(mulsf3x.o)
 .data          0x00000000        0x0 c:/program files (x86)/atmel/studio/7.0/toolchain/avr8/avr8-gnu-toolchain/bin/../lib/gcc/avr/5.4.0/../../../../avr/lib/avr5\libm.a(mulsf3x.o)
 .bss           0x00000000        0x0 c:/program files (x86)/atmel/studio/7.0/toolchain/avr8/avr8-gnu-toolchain/bin/../lib/gcc/avr/5.4.0/../../../../avr/lib/avr5\libm.a(mulsf3x.o)
 .text          0x00000000        0x0 c:/program files (x86)/atmel/studio/7.0/toolchain/avr8/avr8-gnu-toolchain/bin/../lib/gcc/avr/5.4.0/avr5\libgcc.a(_exit.o)
 .data          0x00000000        0x0 c:/program files (x86)/atmel/studio/7.0/toolchain/avr8/avr8-gnu-toolchain/bin/../lib/gcc/avr/5.4.0/avr5\libgcc.a(_exit.o)
 .bss           0x00000000        0x0 c:/program files (x86)/atmel/studio/7.0/toolchain/avr8/avr8-gnu-toolchain/bin/../lib/gcc/avr/5.4.0/avr5\libgcc.a(_exit.o)
 .text.libgcc.mul
                0x00000000        0x0 c:/program files (x86)/atmel/studio/7.0/toolchain/avr8/avr8-gnu-toolchain/bin/../lib/gcc/avr/5.4.0/avr5\libgcc.a(_exit.o)
 .text.libgcc.div
                0x00000000        0x0 c:/program files (x86)/atmel/studio/7.0/toolchain/avr8/avr8-gnu-toolchain/bin/../lib/gcc/avr/5.4.0/avr5\libgcc.a(_exit.o)
 .text.libgcc   0x00000000        0x0 c:/program files (x86)/atmel/studio/7.0/toolchain/avr8/avr8-gnu-toolchain/bin/../lib/gcc/avr/5.4.0/avr5\libgcc.a(_exit.o)
 .text.libgcc.prologue
                0x00000000        0x0 c:/program files (x86)/atmel/studio/7.0/toolchain/avr8/avr8-gnu-toolchain/bin/../lib/gcc/avr/5.4.0/avr5\libgcc.a(_exit.o)
 .text.libgcc.builtins
                0x00000000        0x0 c:/program files (x86)/atmel/studio/7.0/toolchain/avr8/avr8-gnu-toolchain/bin/../lib/gcc/avr/5.4.0/avr5\libgcc.a(_exit.o)
 .text.libgcc.fmul
                0x00000000        0x0 c:/program files (x86)/atmel/studio/7.0/toolchain/avr8/avr8-gnu-toolchain/bin/../lib/gcc/avr/5.4.0/avr5\libgcc.a(_exit.o)
 .text.libgcc.fixed
                0x00000000        0x0 c:/program files (x86)/atmel/studio/7.0/toolchain/avr8/avr8-gnu-toolchain/bin/../lib/gcc/avr/5.4.0/avr5\libgcc.a(_exit.o)
 .text          0x00000000        0x0 c:/program files (x86)/atmel/studio/7.0/toolchain/avr8/avr8-gnu-toolchain/bin/../lib/gcc/avr/5.4.0/avr5\libgcc.a(_tablejump2.o)
 .data          0x00000000        0x0 c:/program files (x86)/atmel/studio/7.0/toolchain/avr8/avr8-gnu-toolchain/bin/../lib/gcc/avr/5.4.0/avr5\libgcc.a(_tablejump2.o)
 .bss           0x00000000        0x0 c:/program files (x86)/atmel/studio/7.0/toolchain/avr8/avr8-gnu-toolchain/bin/../lib/gcc/avr/5.4.0/avr5\libgcc.a(_tablejump2.o)
 .text.libgcc.mul
                0x00000000        0x0 c:/program files (x86)/atmel/studio/7.0/toolchain/avr8/avr8-gnu-toolchain/bin/../lib/gcc/avr/5.4.0/avr5\libgcc.a(_tablejump2.o)
 .text.libgcc.div
                0x00000000        0x0 c:/program files (x86)/atmel/studio/7.0/toolchain/avr8/avr8-gnu-toolchain/bin/../lib/gcc/avr/5.4.0/avr5\libgcc.a(_tablejump2.o)
 .text.libgcc.prologue
                0x00000000        0x0 c:/program files (x86)/atmel/studio/7.0/toolchain/avr8/avr8-gnu-toolchain/bin/../lib/gcc/avr/5.4.0/avr5\libgcc.a(_tablejump2.o)
 .text.libgcc.builtins
                0x00000000        0x0 c:/program files (x86)/atmel/studio/7.0/toolchain/avr8/avr8-gnu-toolchain/bin/../lib/gcc/avr/5.4.0/avr5\libgcc.a(_tablejump2.o)
 .text.libgcc.fmul
                0x00000000        0x0 c:/program files (x86)/atmel/studio/7.0/toolchain/avr8/avr8-gnu-toolchain/bin/../lib/gcc/avr/5.4.0/avr5\libgcc.a(_tablejump2.o)
 .text.libgcc.fixed
                0x00000000        0x0 c:/program files (x86)/atmel/studio/7.0/toolchain/avr8/avr8-gnu-toolchain/bin/../lib/gcc/avr/5.4.0/avr5\libgcc.a(_tablejump2.o)
 .text          0x00000000        0x0 c:/program files (x86)/atmel/studio/7.0/toolchain/avr8/avr8-gnu-toolchain/bin/../lib/gcc/avr/5.4.0/avr5\libgcc.a(_copy_data.o)
 .data          0x00000000        0x0 c:/program files (x86)/atmel/studio/7.0/toolchain/avr8/avr8-gnu-toolchain/bin/../lib/gcc/avr/5.4.0/avr5\libgcc.a(_copy_data.o)
 .bss           0x00000000        0x0 c:/program files (x86)/atmel/studio/7.0/toolchain/avr8/avr8-gnu-toolchain/bin/../lib/gcc/avr/5.4.0/avr5\libgcc.a(_copy_data.o)
 .text.libgcc.mul
                0x00000000        0x0 c:/program files (x86)/atmel/studio/7.0/toolchain/avr8/avr8-gnu-toolchain/bin/../lib/gcc/avr/5.4.0/avr5\libgcc.a(_copy_data.o)
 .text.libgcc.div
                0x00000000        0x0 c:/program files (x86)/atmel/studio/7.0/toolchain/avr8/avr8-gnu-toolchain/bin/../lib/gcc/avr/5.4.0/avr5\libgcc.a(_copy_data.o)
 .text.libgcc   0x00000000        0x0 c:/program files (x86)/atmel/studio/7.0/toolchain/avr8/avr8-gnu-toolchain/bin/../lib/gcc/avr/5.4.0/avr5\libgcc.a(_copy_data.o)
 .text.libgcc.prologue
                0x00000000        0x0 c:/program files (x86)/atmel/studio/7.0/toolchain/avr8/avr8-gnu-toolchain/bin/../lib/gcc/avr/5.4.0/avr5\libgcc.a(_copy_data.o)
 .text.libgcc.builtins
                0x00000000        0x0 c:/program files (x86)/atmel/studio/7.0/toolchain/avr8/avr8-gnu-toolchain/bin/../lib/gcc/avr/5.4.0/avr5\libgcc.a(_copy_data.o)
 .text.libgcc.fmul
                0x00000000        0x0 c:/program files (x86)/atmel/studio/7.0/toolchain/avr8/avr8-gnu-toolchain/bin/../lib/gcc/avr/5.4.0/avr5\libgcc.a(_copy_data.o)
 .text.libgcc.fixed
                0x00000000        0x0 c:/program files (x86)/atmel/studio/7.0/toolchain/avr8/avr8-gnu-toolchain/bin/../lib/gcc/avr/5.4.0/avr5\libgcc.a(_copy_data.o)
 .text          0x00000000        0x0 c:/program files (x86)/atmel/studio/7.0/toolchain/avr8/avr8-gnu-toolchain/bin/../lib/gcc/avr/5.4.0/avr5\libgcc.a(_clear_bss.o)
 .data          0x00000000        0x0 c:/program files (x86)/atmel/studio/7.0/toolchain/avr8/avr8-gnu-toolchain/bin/../lib/gcc/avr/5.4.0/avr5\libgcc.a(_clear_bss.o)
 .bss           0x00000000        0x0 c:/program files (x86)/atmel/studio/7.0/toolchain/avr8/avr8-gnu-toolchain/bin/../lib/gcc/avr/5.4.0/avr5\libgcc.a(_clear_bss.o)
 .text.libgcc.mul
                0x00000000        0x0 c:/program files (x86)/atmel/studio/7.0/toolchain/avr8/avr8-gnu-toolchain/bin/../lib/gcc/avr/5.4.0/avr5\libgcc.a(_clear_bss.o)
 .text.libgcc.div
                0x00000000        0x0 c:/program files (x86)/atmel/studio/7.0/toolchain/avr8/avr8-gnu-toolchain/bin/../lib/gcc/avr/5.4.0/avr5\libgcc.a(_clear_bss.o)
 .text.libgcc   0x00000000        0x0 c:/program files (x86)/atmel/studio/7.0/toolchain/avr8/avr8-gnu-toolchain/bin/../lib/gcc/avr/5.4.0/avr5\libgcc.a(_clear_bss.o)
 .text.libgcc.prologue
                0x00000000        0x0 c:/program files (x86)/atmel/studio/7.0/toolchain/avr8/avr8-gnu-toolchain/bin/../lib/gcc/avr/5.4.0/avr5\libgcc.a(_clear_bss.o)
 .text.libgcc.builtins
                0x00000000        0x0 c:/program files (x86)/atmel/studio/7.0/toolchain/avr8/avr8-gnu-toolchain/bin/../lib/gcc/avr/5.4.0/avr5\libgcc.a(_clear_bss.o)
 .text.libgcc.fmul
                0x00000000        0x0 c:/program files (x86)/atmel/studio/7.0/toolchain/avr8/avr8-gnu-toolchain/bin/../lib/gcc/avr/5.4.0/avr5\libgcc.a(_clear_bss.o)
 .text.libgcc.fixed
                0x00000000        0x0 c:/program files (x86)/atmel/studio/7.0/toolchain/avr8/avr8-gnu-toolchain/bin/../lib/gcc/avr/5.4.0/avr5\libgcc.a(_clear_bss.o)
 .text          0x00000000        0x0 c:/program files (x86)/atmel/studio/7.0/toolchain/avr8/avr8-gnu-toolchain/bin/../lib/gcc/avr/5.4.0/../../../../avr/lib/avr5\libc.a(dtostrf.o)
 .data          0x00000000        0x0 c:/program files (x86)/atmel/studio/7.0/toolchain/avr8/avr8-gnu-toolchain/bin/../lib/gcc/avr/5.4.0/../../../../avr/lib/avr5\libc.a(dtostrf.o)
 .bss           0x00000000        0x0 c:/program files (x86)/atmel/studio/7.0/toolchain/avr8/avr8-gnu-toolchain/bin/../lib/gcc/avr/5.4.0/../../../../avr/lib/avr5\libc.a(dtostrf.o)
 .text          0x00000000        0x0 c:/program files (x86)/atmel/studio/7.0/toolchain/avr8/avr8-gnu-toolchain/bin/../lib/gcc/avr/5.4.0/../../../../avr/lib/avr5\libc.a(sprintf.o)
 .data          0x00000000        0x0 c:/program files (x86)/atmel/studio/7.0/toolchain/avr8/avr8-gnu-toolchain/bin/../lib/gcc/avr/5.4.0/../../../../avr/lib/avr5\libc.a(sprintf.o)
 .bss           0x00000000        0x0 c:/program files (x86)/atmel/studio/7.0/toolchain/avr8/avr8-gnu-toolchain/bin/../lib/gcc/avr/5.4.0/../../../../avr/lib/avr5\libc.a(sprintf.o)
 .text          0x00000000        0x0 c:/program files (x86)/atmel/studio/7.0/toolchain/avr8/avr8-gnu-toolchain/bin/../lib/gcc/avr/5.4.0/../../../../avr/lib/avr5\libc.a(vfprintf_std.o)
 .data          0x00000000        0x0 c:/program files (x86)/atmel/studio/7.0/toolchain/avr8/avr8-gnu-toolchain/bin/../lib/gcc/avr/5.4.0/../../../../avr/lib/avr5\libc.a(vfprintf_std.o)
 .bss           0x00000000        0x0 c:/program files (x86)/atmel/studio/7.0/toolchain/avr8/avr8-gnu-toolchain/bin/../lib/gcc/avr/5.4.0/../../../../avr/lib/avr5\libc.a(vfprintf_std.o)
 .text          0x00000000        0x0 c:/program files (x86)/atmel/studio/7.0/toolchain/avr8/avr8-gnu-toolchain/bin/../lib/gcc/avr/5.4.0/../../../../avr/lib/avr5\libc.a(dtoa_prf.o)
 .data          0x00000000        0x0 c:/program files (x86)/atmel/studio/7.0/toolchain/avr8/avr8-gnu-toolchain/bin/../lib/gcc/avr/5.4.0/../../../../avr/lib/avr5\libc.a(dtoa_prf.o)
 .bss           0x00000000        0x0 c:/program files (x86)/atmel/studio/7.0/toolchain/avr8/avr8-gnu-toolchain/bin/../lib/gcc/avr/5.4.0/../../../../avr/lib/avr5\libc.a(dtoa_prf.o)
 .text          0x00000000        0x0 c:/program files (x86)/atmel/studio/7.0/toolchain/avr8/avr8-gnu-toolchain/bin/../lib/gcc/avr/5.4.0/../../../../avr/lib/avr5\libc.a(ftoa_engine.o)
 .data          0x00000000        0x0 c:/program files (x86)/atmel/studio/7.0/toolchain/avr8/avr8-gnu-toolchain/bin/../lib/gcc/avr/5.4.0/../../../../avr/lib/avr5\libc.a(ftoa_engine.o)
 .bss           0x00000000        0x0 c:/program files (x86)/atmel/studio/7.0/toolchain/avr8/avr8-gnu-toolchain/bin/../lib/gcc/avr/5.4.0/../../../../avr/lib/avr5\libc.a(ftoa_engine.o)
 .text          0x00000000        0x0 c:/program files (x86)/atmel/studio/7.0/toolchain/avr8/avr8-gnu-toolchain/bin/../lib/gcc/avr/5.4.0/../../../../avr/lib/avr5\libc.a(strnlen_P.o)
 .data          0x00000000        0x0 c:/program files (x86)/atmel/studio/7.0/toolchain/avr8/avr8-gnu-toolchain/bin/../lib/gcc/avr/5.4.0/../../../../avr/lib/avr5\libc.a(strnlen_P.o)
 .bss           0x00000000        0x0 c:/program files (x86)/atmel/studio/7.0/toolchain/avr8/avr8-gnu-toolchain/bin/../lib/gcc/avr/5.4.0/../../../../avr/lib/avr5\libc.a(strnlen_P.o)
 .text          0x00000000        0x0 c:/program files (x86)/atmel/studio/7.0/toolchain/avr8/avr8-gnu-toolchain/bin/../lib/gcc/avr/5.4.0/../../../../avr/lib/avr5\libc.a(strnlen.o)
 .data          0x00000000        0x0 c:/program files (x86)/atmel/studio/7.0/toolchain/avr8/avr8-gnu-toolchain/bin/../lib/gcc/avr/5.4.0/../../../../avr/lib/avr5\libc.a(strnlen.o)
 .bss           0x00000000        0x0 c:/program files (x86)/atmel/studio/7.0/toolchain/avr8/avr8-gnu-toolchain/bin/../lib/gcc/avr/5.4.0/../../../../avr/lib/avr5\libc.a(strnlen.o)
 .text          0x00000000        0x0 c:/program files (x86)/atmel/studio/7.0/toolchain/avr8/avr8-gnu-toolchain/bin/../lib/gcc/avr/5.4.0/../../../../avr/lib/avr5\libc.a(fputc.o)
 .data          0x00000000        0x0 c:/program files (x86)/atmel/studio/7.0/toolchain/avr8/avr8-gnu-toolchain/bin/../lib/gcc/avr/5.4.0/../../../../avr/lib/avr5\libc.a(fputc.o)
 .bss           0x00000000        0x0 c:/program files (x86)/atmel/studio/7.0/toolchain/avr8/avr8-gnu-toolchain/bin/../lib/gcc/avr/5.4.0/../../../../avr/lib/avr5\libc.a(fputc.o)
 .text          0x00000000        0x0 c:/program files (x86)/atmel/studio/7.0/toolchain/avr8/avr8-gnu-toolchain/bin/../lib/gcc/avr/5.4.0/../../../../avr/lib/avr5\libc.a(ultoa_invert.o)
 .data          0x00000000        0x0 c:/program files (x86)/atmel/studio/7.0/toolchain/avr8/avr8-gnu-toolchain/bin/../lib/gcc/avr/5.4.0/../../../../avr/lib/avr5\libc.a(ultoa_invert.o)
 .bss           0x00000000        0x0 c:/program files (x86)/atmel/studio/7.0/toolchain/avr8/avr8-gnu-toolchain/bin/../lib/gcc/avr/5.4.0/../../../../avr/lib/avr5\libc.a(ultoa_invert.o)
 .text          0x00000000        0x0 c:/program files (x86)/atmel/studio/7.0/toolchain/avr8/avr8-gnu-toolchain/bin/../lib/gcc/avr/5.4.0/avr5\libgcc.a(_prologue.o)
 .data          0x00000000        0x0 c:/program files (x86)/atmel/studio/7.0/toolchain/avr8/avr8-gnu-toolchain/bin/../lib/gcc/avr/5.4.0/avr5\libgcc.a(_prologue.o)
 .bss           0x00000000        0x0 c:/program files (x86)/atmel/studio/7.0/toolchain/avr8/avr8-gnu-toolchain/bin/../lib/gcc/avr/5.4.0/avr5\libgcc.a(_prologue.o)
 .text.libgcc.mul
                0x00000000        0x0 c:/program files (x86)/atmel/studio/7.0/toolchain/avr8/avr8-gnu-toolchain/bin/../lib/gcc/avr/5.4.0/avr5\libgcc.a(_prologue.o)
 .text.libgcc.div
                0x00000000        0x0 c:/program files (x86)/atmel/studio/7.0/toolchain/avr8/avr8-gnu-toolchain/bin/../lib/gcc/avr/5.4.0/avr5\libgcc.a(_prologue.o)
 .text.libgcc   0x00000000        0x0 c:/program files (x86)/atmel/studio/7.0/toolchain/avr8/avr8-gnu-toolchain/bin/../lib/gcc/avr/5.4.0/avr5\libgcc.a(_prologue.o)
 .text.libgcc.builtins
                0x00000000        0x0 c:/program files (x86)/atmel/studio/7.0/toolchain/avr8/avr8-gnu-toolchain/bin/../lib/gcc/avr/5.4.0/avr5\libgcc.a(_prologue.o)
 .text.libgcc.fmul
                0x00000000        0x0 c:/program files (x86)/atmel/studio/7.0/toolchain/avr8/avr8-gnu-toolchain/bin/../lib/gcc/avr/5.4.0/avr5\libgcc.a(_prologue.o)
 .text.libgcc.fixed
                0x00000000        0x0 c:/program files (x86)/atmel/studio/7.0/toolchain/avr8/avr8-gnu-toolchain/bin/../lib/gcc/avr/5.4.0/avr5\libgcc.a(_prologue.o)
 .text          0x00000000        0x0 c:/program files (x86)/atmel/studio/7.0/toolchain/avr8/avr8-gnu-toolchain/bin/../lib/gcc/avr/5.4.0/avr5\libgcc.a(_epilogue.o)
 .data          0x00000000        0x0 c:/program files (x86)/atmel/studio/7.0/toolchain/avr8/avr8-gnu-toolchain/bin/../lib/gcc/avr/5.4.0/avr5\libgcc.a(_epilogue.o)
 .bss           0x00000000        0x0 c:/program files (x86)/atmel/studio/7.0/toolchain/avr8/avr8-gnu-toolchain/bin/../lib/gcc/avr/5.4.0/avr5\libgcc.a(_epilogue.o)
 .text.libgcc.mul
                0x00000000        0x0 c:/program files (x86)/atmel/studio/7.0/toolchain/avr8/avr8-gnu-toolchain/bin/../lib/gcc/avr/5.4.0/avr5\libgcc.a(_epilogue.o)
 .text.libgcc.div
                0x00000000        0x0 c:/program files (x86)/atmel/studio/7.0/toolchain/avr8/avr8-gnu-toolchain/bin/../lib/gcc/avr/5.4.0/avr5\libgcc.a(_epilogue.o)
 .text.libgcc   0x00000000        0x0 c:/program files (x86)/atmel/studio/7.0/toolchain/avr8/avr8-gnu-toolchain/bin/../lib/gcc/avr/5.4.0/avr5\libgcc.a(_epilogue.o)
 .text.libgcc.builtins
                0x00000000        0x0 c:/program files (x86)/atmel/studio/7.0/toolchain/avr8/avr8-gnu-toolchain/bin/../lib/gcc/avr/5.4.0/avr5\libgcc.a(_epilogue.o)
 .text.libgcc.fmul
                0x00000000        0x0 c:/program files (x86)/atmel/studio/7.0/toolchain/avr8/avr8-gnu-toolchain/bin/../lib/gcc/avr/5.4.0/avr5\libgcc.a(_epilogue.o)
 .text.libgcc.fixed
                0x00000000        0x0 c:/program files (x86)/atmel/studio/7.0/toolchain/avr8/avr8-gnu-toolchain/bin/../lib/gcc/avr/5.4.0/avr5\libgcc.a(_epilogue.o)

Memory Configuration

Name             Origin             Length             Attributes
text             0x00000000         0x00020000         xr
data             0x00800060         0x0000ffa0         rw !x
eeprom           0x00810000         0x00010000         rw !x
fuse             0x00820000         0x00000003         rw !x
lock             0x00830000         0x00000400         rw !x
signature        0x00840000         0x00000400         rw !x
user_signatures  0x00850000         0x00000400         rw !x
*default*        0x00000000         0xffffffff

Linker script and memory map

Address of section .data set to 0x800100
LOAD C:/Program Files (x86)/Atmel/Studio/7.0/Packs/atmel/ATmega_DFP/1.2.209/gcc/dev/atmega328p/avr5/crtatmega328p.o
LOAD ADC/ad_konverzija.o
LOAD EEPROM internal/eeprom.o
LOAD i2cmaster/i2cmaster.o
LOAD lcd-1602/ispomoc_za_ispis.o
LOAD lcd-1602/lcd1602.o
LOAD main.o
LOAD PCint/pin_change_interrupt.o
LOAD PushButtons/tasteri.o
LOAD RTC DS3231/rtc_ds3231.o
LOAD Timer/tajmer.o
LOAD Uart/uart.o
START GROUP
LOAD c:/program files (x86)/atmel/studio/7.0/toolchain/avr8/avr8-gnu-toolchain/bin/../lib/gcc/avr/5.4.0/../../../../avr/lib/avr5\libm.a
END GROUP
START GROUP
LOAD c:/program files (x86)/atmel/studio/7.0/toolchain/avr8/avr8-gnu-toolchain/bin/../lib/gcc/avr/5.4.0/avr5\libgcc.a
LOAD c:/program files (x86)/atmel/studio/7.0/toolchain/avr8/avr8-gnu-toolchain/bin/../lib/gcc/avr/5.4.0/../../../../avr/lib/avr5\libm.a
LOAD c:/program files (x86)/atmel/studio/7.0/toolchain/avr8/avr8-gnu-toolchain/bin/../lib/gcc/avr/5.4.0/../../../../avr/lib/avr5\libc.a
LOAD C:/Program Files (x86)/Atmel/Studio/7.0/Packs/atmel/ATmega_DFP/1.2.209/gcc/dev/atmega328p/avr5\libatmega328p.a
END GROUP
                0x00020000                __TEXT_REGION_LENGTH__ = DEFINED (__TEXT_REGION_LENGTH__)?__TEXT_REGION_LENGTH__:0x20000
                0x0000ffa0                __DATA_REGION_LENGTH__ = DEFINED (__DATA_REGION_LENGTH__)?__DATA_REGION_LENGTH__:0xffa0
                0x00010000                __EEPROM_REGION_LENGTH__ = DEFINED (__EEPROM_REGION_LENGTH__)?__EEPROM_REGION_LENGTH__:0x10000
                [0x00000003]                __FUSE_REGION_LENGTH__ = DEFINED (__FUSE_REGION_LENGTH__)?__FUSE_REGION_LENGTH__:0x400
                0x00000400                __LOCK_REGION_LENGTH__ = DEFINED (__LOCK_REGION_LENGTH__)?__LOCK_REGION_LENGTH__:0x400
                0x00000400                __SIGNATURE_REGION_LENGTH__ = DEFINED (__SIGNATURE_REGION_LENGTH__)?__SIGNATURE_REGION_LENGTH__:0x400
                0x00000400                __USER_SIGNATURE_REGION_LENGTH__ = DEFINED (__USER_SIGNATURE_REGION_LENGTH__)?__USER_SIGNATURE_REGION_LENGTH__:0x400

.hash
 *(.hash)

.dynsym
 *(.dynsym)

.dynstr
 *(.dynstr)

.gnu.version
 *(.gnu.version)

.gnu.version_d
 *(.gnu.version_d)

.gnu.version_r
 *(.gnu.version_r)

.rel.init
 *(.rel.init)

.rela.init
 *(.rela.init)

.rel.text
 *(.rel.text)
 *(.rel.text.*)
 *(.rel.gnu.linkonce.t*)

.rela.text
 *(.rela.text)
 *(.rela.text.*)
 *(.rela.gnu.linkonce.t*)

.rel.fini
 *(.rel.fini)

.rela.fini
 *(.rela.fini)

.rel.rodata
 *(.rel.rodata)
 *(.rel.rodata.*)
 *(.rel.gnu.linkonce.r*)

.rela.rodata
 *(.rela.rodata)
 *(.rela.rodata.*)
 *(.rela.gnu.linkonce.r*)

.rel.data
 *(.rel.data)
 *(.rel.data.*)
 *(.rel.gnu.linkonce.d*)

.rela.data
 *(.rela.data)
 *(.rela.data.*)
 *(.rela.gnu.linkonce.d*)

.rel.ctors
 *(.rel.ctors)

.rela.ctors
 *(.rela.ctors)

.rel.dtors
 *(.rel.dtors)

.rela.dtors
 *(.rela.dtors)

.rel.got
 *(.rel.got)

.rela.got
 *(.rela.got)

.rel.bss
 *(.rel.bss)

.rela.bss
 *(.rela.bss)

.rel.plt
 *(.rel.plt)

.rela.plt
 *(.rela.plt)

.text           0x00000000     0x2e5a
 *(.vectors)
 .vectors       0x00000000       0x68 C:/Program Files (x86)/Atmel/Studio/7.0/Packs/atmel/ATmega_DFP/1.2.209/gcc/dev/atmega328p/avr5/crtatmega328p.o
                0x00000000                __vector_default
                0x00000000                __vectors
 *(.vectors)
 *(.progmem.gcc*)
 .progmem.gcc_sw_table.fsm_lcd_menu
                0x00000068        0xe main.o
                0x00000076                . = ALIGN (0x2)
                0x00000076                __trampolines_start = .
 *(.trampolines)
 .trampolines   0x00000076        0x0 linker stubs
 *(.trampolines*)
                0x00000076                __trampolines_end = .
 *libprintf_flt.a:*(.progmem.data)
 *libc.a:*(.progmem.data)
 .progmem.data  0x00000076       0xfa c:/program files (x86)/atmel/studio/7.0/toolchain/avr8/avr8-gnu-toolchain/bin/../lib/gcc/avr/5.4.0/../../../../avr/lib/avr5\libc.a(ftoa_engine.o)
 *(.progmem*)
                0x00000170                . = ALIGN (0x2)
 *(.jumptables)
 *(.jumptables*)
 *(.lowtext)
 *(.lowtext*)
                0x00000170                __ctors_start = .
 *(.ctors)
                0x00000170                __ctors_end = .
                0x00000170                __dtors_start = .
 *(.dtors)
                0x00000170                __dtors_end = .
 SORT(*)(.ctors)
 SORT(*)(.dtors)
 *(.init0)
 .init0         0x00000170        0x0 C:/Program Files (x86)/Atmel/Studio/7.0/Packs/atmel/ATmega_DFP/1.2.209/gcc/dev/atmega328p/avr5/crtatmega328p.o
                0x00000170                __init
 *(.init0)
 *(.init1)
 *(.init1)
 *(.init2)
 .init2         0x00000170        0xc C:/Program Files (x86)/Atmel/Studio/7.0/Packs/atmel/ATmega_DFP/1.2.209/gcc/dev/atmega328p/avr5/crtatmega328p.o
 *(.init2)
 *(.init3)
 *(.init3)
 *(.init4)
 .init4         0x0000017c       0x16 c:/program files (x86)/atmel/studio/7.0/toolchain/avr8/avr8-gnu-toolchain/bin/../lib/gcc/avr/5.4.0/avr5\libgcc.a(_copy_data.o)
                0x0000017c                __do_copy_data
 .init4         0x00000192       0x10 c:/program files (x86)/atmel/studio/7.0/toolchain/avr8/avr8-gnu-toolchain/bin/../lib/gcc/avr/5.4.0/avr5\libgcc.a(_clear_bss.o)
                0x00000192                __do_clear_bss
 *(.init4)
 *(.init5)
 *(.init5)
 *(.init6)
 *(.init6)
 *(.init7)
 *(.init7)
 *(.init8)
 *(.init8)
 *(.init9)
 .init9         0x000001a2        0x8 C:/Program Files (x86)/Atmel/Studio/7.0/Packs/atmel/ATmega_DFP/1.2.209/gcc/dev/atmega328p/avr5/crtatmega328p.o
 *(.init9)
 *(.text)
 .text          0x000001aa        0x4 C:/Program Files (x86)/Atmel/Studio/7.0/Packs/atmel/ATmega_DFP/1.2.209/gcc/dev/atmega328p/avr5/crtatmega328p.o
                0x000001aa                __vector_22
                0x000001aa                __vector_1
                0x000001aa                __vector_24
                0x000001aa                __vector_12
                0x000001aa                __bad_interrupt
                0x000001aa                __vector_6
                0x000001aa                __vector_3
                0x000001aa                __vector_23
                0x000001aa                __vector_25
                0x000001aa                __vector_11
                0x000001aa                __vector_13
                0x000001aa                __vector_17
                0x000001aa                __vector_19
                0x000001aa                __vector_7
                0x000001aa                __vector_5
                0x000001aa                __vector_9
                0x000001aa                __vector_2
                0x000001aa                __vector_15
                0x000001aa                __vector_8
                0x000001aa                __vector_10
                0x000001aa                __vector_16
                0x000001ae                . = ALIGN (0x2)
 *(.text.*)
 .text.ADC_init
                0x000001ae       0x1a ADC/ad_konverzija.o
                0x000001ae                ADC_init
 .text.__vector_21
                0x000001c8       0x1e ADC/ad_konverzija.o
                0x000001c8                __vector_21
 .text.adc_read
                0x000001e6      0x136 ADC/ad_konverzija.o
                0x000001e6                adc_read
 .text.EEPROM_read
                0x0000031c        0xe EEPROM internal/eeprom.o
                0x0000031c                EEPROM_read
 .text.EEPROM_write
                0x0000032a       0x14 EEPROM internal/eeprom.o
                0x0000032a                EEPROM_write
 .text.i2c_init
                0x0000033e        0xc i2cmaster/i2cmaster.o
                0x0000033e                i2c_init
 .text.i2c_start_wait
                0x0000034a       0x50 i2cmaster/i2cmaster.o
                0x0000034a                i2c_start_wait
 .text.i2c_stop
                0x0000039a       0x12 i2cmaster/i2cmaster.o
                0x0000039a                i2c_stop
 .text.i2c_write
                0x000003ac       0x24 i2cmaster/i2cmaster.o
                0x000003ac                i2c_write
 .text.i2c_readNak
                0x000003d0       0x16 i2cmaster/i2cmaster.o
                0x000003d0                i2c_readNak
 .text.i2c_send_packet
                0x000003e6       0x18 i2cmaster/i2cmaster.o
                0x000003e6                i2c_send_packet
 .text.sati_ispis
                0x000003fe       0xbe lcd-1602/ispomoc_za_ispis.o
                0x000003fe                sati_ispis
 .text.minuti_ispis
                0x000004bc       0xbe lcd-1602/ispomoc_za_ispis.o
                0x000004bc                minuti_ispis
 .text.sekundi_ispis
                0x0000057a       0xbe lcd-1602/ispomoc_za_ispis.o
                0x0000057a                sekundi_ispis
 .text.putnibble
                0x00000638       0x50 lcd-1602/lcd1602.o
                0x00000638                putnibble
 .text.lcd1602_send_byte
                0x00000688       0x44 lcd-1602/lcd1602.o
                0x00000688                lcd1602_send_byte
 .text.lcd1602_send_char
                0x000006cc       0x28 lcd-1602/lcd1602.o
                0x000006cc                lcd1602_send_char
 .text.lcd1602_init
                0x000006f4       0xb6 lcd-1602/lcd1602.o
                0x000006f4                lcd1602_init
 .text.lcd1602_goto_xy
                0x000007aa       0x12 lcd-1602/lcd1602.o
                0x000007aa                lcd1602_goto_xy
 .text.lcd1602_send_string
                0x000007bc       0x2c lcd-1602/lcd1602.o
                0x000007bc                lcd1602_send_string
 .text.lcd1602_cursor_blink
                0x000007e8       0x18 lcd-1602/lcd1602.o
                0x000007e8                lcd1602_cursor_blink
 .text.period_paljenja
                0x00000800       0x78 main.o
                0x00000800                period_paljenja
 .text.eeprom_zastita
                0x00000878       0x96 main.o
                0x00000878                eeprom_zastita
 .text.displ1_LCD_ispis
                0x0000090e       0x86 main.o
                0x0000090e                displ1_LCD_ispis
 .text.menu1_LCD_ispis
                0x00000994      0x146 main.o
                0x00000994                menu1_LCD_ispis
 .text.podSat_LCD_ispis
                0x00000ada       0x42 main.o
                0x00000ada                podSat_LCD_ispis
 .text.podOnOff_LCD_ispis
                0x00000b1c       0x86 main.o
                0x00000b1c                podOnOff_LCD_ispis
 .text.jednokrat_LCD_ispis
                0x00000ba2       0x86 main.o
                0x00000ba2                jednokrat_LCD_ispis
 .text.brojilo_LCD_ispis
                0x00000c28       0xf0 main.o
                0x00000c28                brojilo_LCD_ispis
 .text.fsm_lcd_menu
                0x00000d18      0x906 main.o
                0x00000d18                fsm_lcd_menu
 .text.main     0x0000161e      0x430 main.o
                0x0000161e                main
 .text.pc_init  0x00001a4e       0x18 PCint/pin_change_interrupt.o
                0x00001a4e                pc_init
 .text.__vector_4
                0x00001a66       0x26 PCint/pin_change_interrupt.o
                0x00001a66                __vector_4
 .text.tasteri_init
                0x00001a8c       0x1e PushButtons/tasteri.o
                0x00001a8c                tasteri_init
 .text.ocitaj_tastere
                0x00001aaa       0x52 PushButtons/tasteri.o
                0x00001aaa                ocitaj_tastere
 .text.ocitaj_jedan_taster
                0x00001afc       0xdc PushButtons/tasteri.o
                0x00001afc                ocitaj_jedan_taster
 .text.bcd_to_decimal
                0x00001bd8       0x16 RTC DS3231/rtc_ds3231.o
                0x00001bd8                bcd_to_decimal
 .text.decimal_to_bcd
                0x00001bee       0x28 RTC DS3231/rtc_ds3231.o
                0x00001bee                decimal_to_bcd
 .text.DS3231_Read
                0x00001c16       0x1e RTC DS3231/rtc_ds3231.o
                0x00001c16                DS3231_Read
 .text.DS3231_Write
                0x00001c34       0x24 RTC DS3231/rtc_ds3231.o
                0x00001c34                DS3231_Write
 .text.DS3231_init
                0x00001c58       0x1a RTC DS3231/rtc_ds3231.o
                0x00001c58                DS3231_init
 .text.getTime  0x00001c72       0x7c RTC DS3231/rtc_ds3231.o
                0x00001c72                getTime
 .text.setTime  0x00001cee       0x66 RTC DS3231/rtc_ds3231.o
                0x00001cee                setTime
 .text.tajmer0_init
                0x00001d54       0x12 Timer/tajmer.o
                0x00001d54                tajmer0_init
 .text.__vector_14
                0x00001d66       0xb2 Timer/tajmer.o
                0x00001d66                __vector_14
 .text.__vector_20
                0x00001e18       0x18 Uart/uart.o
                0x00001e18                __vector_20
 .text.__vector_18
                0x00001e30       0x56 Uart/uart.o
                0x00001e30                __vector_18
 .text.uart_init
                0x00001e86      0x114 Uart/uart.o
                0x00001e86                uart_init
 .text.uart_send_str
                0x00001f9a       0x26 Uart/uart.o
                0x00001f9a                uart_send_str
 .text.avr-libc.fplib
                0x00001fc0        0xe c:/program files (x86)/atmel/studio/7.0/toolchain/avr8/avr8-gnu-toolchain/bin/../lib/gcc/avr/5.4.0/../../../../avr/lib/avr5\libm.a(addsf3.o)
                0x00001fc0                __subsf3
                0x00001fc2                __addsf3
 .text.avr-libc.fplib
                0x00001fce       0xcc c:/program files (x86)/atmel/studio/7.0/toolchain/avr8/avr8-gnu-toolchain/bin/../lib/gcc/avr/5.4.0/../../../../avr/lib/avr5\libm.a(addsf3x.o)
                0x00001ff0                __addsf3x
 .text.avr-libc.fplib
                0x0000209a        0x8 c:/program files (x86)/atmel/studio/7.0/toolchain/avr8/avr8-gnu-toolchain/bin/../lib/gcc/avr/5.4.0/../../../../avr/lib/avr5\libm.a(divsf3.o)
                0x0000209a                __divsf3
 .text.avr-libc.fplib
                0x000020a2       0xdc c:/program files (x86)/atmel/studio/7.0/toolchain/avr8/avr8-gnu-toolchain/bin/../lib/gcc/avr/5.4.0/../../../../avr/lib/avr5\libm.a(divsf3x.o)
                0x000020c2                __divsf3x
                0x000020c8                __divsf3_pse
 .text.avr-libc.fplib
                0x0000217e       0x5e c:/program files (x86)/atmel/studio/7.0/toolchain/avr8/avr8-gnu-toolchain/bin/../lib/gcc/avr/5.4.0/../../../../avr/lib/avr5\libm.a(fixunssfsi.o)
                0x0000217e                __fixunssfsi
 .text.avr-libc.fplib
                0x000021dc       0x7a c:/program files (x86)/atmel/studio/7.0/toolchain/avr8/avr8-gnu-toolchain/bin/../lib/gcc/avr/5.4.0/../../../../avr/lib/avr5\libm.a(floatsisf.o)
                0x000021dc                __floatunsisf
                0x000021e0                __floatsisf
 .text.avr-libc.fplib
                0x00002256        0xc c:/program files (x86)/atmel/studio/7.0/toolchain/avr8/avr8-gnu-toolchain/bin/../lib/gcc/avr/5.4.0/../../../../avr/lib/avr5\libm.a(fp_inf.o)
                0x00002256                __fp_inf
 .text.avr-libc.fplib
                0x00002262        0x6 c:/program files (x86)/atmel/studio/7.0/toolchain/avr8/avr8-gnu-toolchain/bin/../lib/gcc/avr/5.4.0/../../../../avr/lib/avr5\libm.a(fp_nan.o)
                0x00002262                __fp_nan
 .text.avr-libc.fplib
                0x00002268        0xe c:/program files (x86)/atmel/studio/7.0/toolchain/avr8/avr8-gnu-toolchain/bin/../lib/gcc/avr/5.4.0/../../../../avr/lib/avr5\libm.a(fp_pscA.o)
                0x00002268                __fp_pscA
 .text.avr-libc.fplib
                0x00002276        0xe c:/program files (x86)/atmel/studio/7.0/toolchain/avr8/avr8-gnu-toolchain/bin/../lib/gcc/avr/5.4.0/../../../../avr/lib/avr5\libm.a(fp_pscB.o)
                0x00002276                __fp_pscB
 .text.avr-libc.fplib
                0x00002284       0x22 c:/program files (x86)/atmel/studio/7.0/toolchain/avr8/avr8-gnu-toolchain/bin/../lib/gcc/avr/5.4.0/../../../../avr/lib/avr5\libm.a(fp_round.o)
                0x00002284                __fp_round
 .text.avr-libc.fplib
                0x000022a6       0x44 c:/program files (x86)/atmel/studio/7.0/toolchain/avr8/avr8-gnu-toolchain/bin/../lib/gcc/avr/5.4.0/../../../../avr/lib/avr5\libm.a(fp_split3.o)
                0x000022a6                __fp_split3
                0x000022b6                __fp_splitA
 .text.avr-libc.fplib
                0x000022ea        0xe c:/program files (x86)/atmel/studio/7.0/toolchain/avr8/avr8-gnu-toolchain/bin/../lib/gcc/avr/5.4.0/../../../../avr/lib/avr5\libm.a(fp_zero.o)
                0x000022ea                __fp_zero
                0x000022ec                __fp_szero
 .text.avr-libc.fplib
                0x000022f8        0x8 c:/program files (x86)/atmel/studio/7.0/toolchain/avr8/avr8-gnu-toolchain/bin/../lib/gcc/avr/5.4.0/../../../../avr/lib/avr5\libm.a(mulsf3.o)
                0x000022f8                __mulsf3
 .text.avr-libc.fplib
                0x00002300       0xd2 c:/program files (x86)/atmel/studio/7.0/toolchain/avr8/avr8-gnu-toolchain/bin/../lib/gcc/avr/5.4.0/../../../../avr/lib/avr5\libm.a(mulsf3x.o)
                0x0000231e                __mulsf3x
                0x00002324                __mulsf3_pse
 .text.libgcc   0x000023d2        0xc c:/program files (x86)/atmel/studio/7.0/toolchain/avr8/avr8-gnu-toolchain/bin/../lib/gcc/avr/5.4.0/avr5\libgcc.a(_tablejump2.o)
                0x000023d2                __tablejump2__
 .text.avr-libc
                0x000023de       0x40 c:/program files (x86)/atmel/studio/7.0/toolchain/avr8/avr8-gnu-toolchain/bin/../lib/gcc/avr/5.4.0/../../../../avr/lib/avr5\libc.a(dtostrf.o)
                0x000023de                dtostrf
 .text.avr-libc
                0x0000241e       0x44 c:/program files (x86)/atmel/studio/7.0/toolchain/avr8/avr8-gnu-toolchain/bin/../lib/gcc/avr/5.4.0/../../../../avr/lib/avr5\libc.a(sprintf.o)
                0x0000241e                sprintf
 .text.avr-libc
                0x00002462      0x3c2 c:/program files (x86)/atmel/studio/7.0/toolchain/avr8/avr8-gnu-toolchain/bin/../lib/gcc/avr/5.4.0/../../../../avr/lib/avr5\libc.a(vfprintf_std.o)
                0x00002462                vfprintf
 .text.avr-libc
                0x00002824      0x2b4 c:/program files (x86)/atmel/studio/7.0/toolchain/avr8/avr8-gnu-toolchain/bin/../lib/gcc/avr/5.4.0/../../../../avr/lib/avr5\libc.a(dtoa_prf.o)
                0x00002824                dtoa_prf
 .text.avr-libc
                0x00002ad8      0x1b0 c:/program files (x86)/atmel/studio/7.0/toolchain/avr8/avr8-gnu-toolchain/bin/../lib/gcc/avr/5.4.0/../../../../avr/lib/avr5\libc.a(ftoa_engine.o)
                0x00002ad8                __ftoa_engine
 .text.avr-libc
                0x00002c88       0x16 c:/program files (x86)/atmel/studio/7.0/toolchain/avr8/avr8-gnu-toolchain/bin/../lib/gcc/avr/5.4.0/../../../../avr/lib/avr5\libc.a(strnlen_P.o)
                0x00002c88                strnlen_P
 .text.avr-libc
                0x00002c9e       0x16 c:/program files (x86)/atmel/studio/7.0/toolchain/avr8/avr8-gnu-toolchain/bin/../lib/gcc/avr/5.4.0/../../../../avr/lib/avr5\libc.a(strnlen.o)
                0x00002c9e                strnlen
 .text.avr-libc
                0x00002cb4       0x78 c:/program files (x86)/atmel/studio/7.0/toolchain/avr8/avr8-gnu-toolchain/bin/../lib/gcc/avr/5.4.0/../../../../avr/lib/avr5\libc.a(fputc.o)
                0x00002cb4                fputc
 .text.avr-libc
                0x00002d2c       0xbc c:/program files (x86)/atmel/studio/7.0/toolchain/avr8/avr8-gnu-toolchain/bin/../lib/gcc/avr/5.4.0/../../../../avr/lib/avr5\libc.a(ultoa_invert.o)
                0x00002d2c                __ultoa_invert
 .text.libgcc.prologue
                0x00002de8       0x38 c:/program files (x86)/atmel/studio/7.0/toolchain/avr8/avr8-gnu-toolchain/bin/../lib/gcc/avr/5.4.0/avr5\libgcc.a(_prologue.o)
                0x00002de8                __prologue_saves__
 .text.libgcc.prologue
                0x00002e20       0x36 c:/program files (x86)/atmel/studio/7.0/toolchain/avr8/avr8-gnu-toolchain/bin/../lib/gcc/avr/5.4.0/avr5\libgcc.a(_epilogue.o)
                0x00002e20                __epilogue_restores__
                0x00002e56                . = ALIGN (0x2)
 *(.fini9)
 .fini9         0x00002e56        0x0 c:/program files (x86)/atmel/studio/7.0/toolchain/avr8/avr8-gnu-toolchain/bin/../lib/gcc/avr/5.4.0/avr5\libgcc.a(_exit.o)
                0x00002e56                _exit
                0x00002e56                exit
 *(.fini9)
 *(.fini8)
 *(.fini8)
 *(.fini7)
 *(.fini7)
 *(.fini6)
 *(.fini6)
 *(.fini5)
 *(.fini5)
 *(.fini4)
 *(.fini4)
 *(.fini3)
 *(.fini3)
 *(.fini2)
 *(.fini2)
 *(.fini1)
 *(.fini1)
 *(.fini0)
 .fini0         0x00002e56        0x4 c:/program files (x86)/atmel/studio/7.0/toolchain/avr8/avr8-gnu-toolchain/bin/../lib/gcc/avr/5.4.0/avr5\libgcc.a(_exit.o)
 *(.fini0)
                0x00002e5a                _etext = .

.data           0x00800100       0xc0 load address 0x00002e5a
                0x00800100                PROVIDE (__data_start, .)
 *(.data)
 *(.data*)
 .data.displ_flag_shot
                0x00800100        0x1 main.o
                0x00800100                displ_flag_shot
 .data.tasteri  0x00800101        0x1 main.o
                0x00800101                tasteri
 .data.delay_enable.2123
                0x00800102        0x1 PushButtons/tasteri.o
 .data.tasteri_reg.2113
                0x00800103        0x1 PushButtons/tasteri.o
 *(.gnu.linkonce.d*)
 *(.rodata)
 *(.rodata*)
 .rodata.str1.1
                0x00800104        0x0 lcd-1602/ispomoc_za_ispis.o
                                  0x5 (size before relaxing)
 .rodata.str1.1
                0x00800104       0x7b main.o
                                 0x88 (size before relaxing)
 .rodata.menu1_txt
                0x0080017f       0x40 main.o
                0x0080017f                menu1_txt
 *(.gnu.linkonce.r*)
                0x008001c0                . = ALIGN (0x2)
 *fill*         0x008001bf        0x1 
                0x008001c0                _edata = .
                0x008001c0                PROVIDE (__data_end, .)

.bss            0x008001c0       0x98
                0x008001c0                PROVIDE (__bss_start, .)
 *(.bss)
 *(.bss*)
 .bss.isr_adc   0x008001c0        0x1 ADC/ad_konverzija.o
                0x008001c0                isr_adc
 .bss.ad_kanal  0x008001c1        0x1 ADC/ad_konverzija.o
                0x008001c1                ad_kanal
 .bss.energija  0x008001c2        0x4 ADC/ad_konverzija.o
                0x008001c2                energija
 .bss.snaga     0x008001c6        0x4 ADC/ad_konverzija.o
                0x008001c6                snaga
 .bss.struja    0x008001ca        0x4 ADC/ad_konverzija.o
                0x008001ca                struja
 .bss.napon     0x008001ce        0x2 ADC/ad_konverzija.o
                0x008001ce                napon
 .bss.adc_struja_raw
                0x008001d0        0x2 ADC/ad_konverzija.o
                0x008001d0                adc_struja_raw
 .bss.adc_napon_raw
                0x008001d2        0x2 ADC/ad_konverzija.o
                0x008001d2                adc_napon_raw
 .bss.energija_32uint
                0x008001d4        0x4 main.o
                0x008001d4                energija_32uint
 .bss.jednok_se_desio
                0x008001d8        0x1 main.o
                0x008001d8                jednok_se_desio
 .bss.jednok_on_off
                0x008001d9        0x1 main.o
                0x008001d9                jednok_on_off
 .bss.brojilo_on_off
                0x008001da        0x1 main.o
                0x008001da                brojilo_on_off
 .bss.kursor_horiz
                0x008001db        0x1 main.o
                0x008001db                kursor_horiz
 .bss.kursor_vert
                0x008001dc        0x1 main.o
                0x008001dc                kursor_vert
 .bss.STATE     0x008001dd        0x1 main.o
                0x008001dd                STATE
 .bss.ukljuceno
                0x008001de        0x1 main.o
                0x008001de                ukljuceno
 .bss.flag_pc_int_pomocni
                0x008001df        0x1 PCint/pin_change_interrupt.o
                0x008001df                flag_pc_int_pomocni
 .bss.flag_pc_int
                0x008001e0        0x1 PCint/pin_change_interrupt.o
                0x008001e0                flag_pc_int
 .bss.temp_tast.2121
                0x008001e1        0x1 PushButtons/tasteri.o
 .bss.flag_stisnut.2122
                0x008001e2        0x1 PushButtons/tasteri.o
 .bss.brojac_prekida_tajmera0_za100ms_VAkWh
                0x008001e3        0x1 Timer/tajmer.o
                0x008001e3                brojac_prekida_tajmera0_za100ms_VAkWh
 .bss.flag_prekid_100ms_VAkWh
                0x008001e4        0x1 Timer/tajmer.o
                0x008001e4                flag_prekid_100ms_VAkWh
 .bss.timer_disp_cycle
                0x008001e5        0x2 Timer/tajmer.o
                0x008001e5                timer_disp_cycle
 .bss.delay_timer
                0x008001e7        0x2 Timer/tajmer.o
                0x008001e7                delay_timer
 .bss.brojac_prekida_tajmera0_debounce_half
                0x008001e9        0x1 Timer/tajmer.o
                0x008001e9                brojac_prekida_tajmera0_debounce_half
 .bss.brojac_prekida_tajmera0_debounce
                0x008001ea        0x1 Timer/tajmer.o
                0x008001ea                brojac_prekida_tajmera0_debounce
 .bss.brojac_prekida_tajmera0
                0x008001eb        0x1 Timer/tajmer.o
                0x008001eb                brojac_prekida_tajmera0
 .bss.flag_prekid_debounce_time_half
                0x008001ec        0x1 Timer/tajmer.o
                0x008001ec                flag_prekid_debounce_time_half
 .bss.flag_prekid_debounce_time
                0x008001ed        0x1 Timer/tajmer.o
                0x008001ed                flag_prekid_debounce_time
 .bss.flag_prekid_50ms
                0x008001ee        0x1 Timer/tajmer.o
                0x008001ee                flag_prekid_50ms
 .bss.flag_tajmer0_prekid
                0x008001ef        0x1 Timer/tajmer.o
                0x008001ef                flag_tajmer0_prekid
 .bss.buff_size
                0x008001f0        0x1 Uart/uart.o
                0x008001f0                buff_size
 *(COMMON)
 COMMON         0x008001f1        0x1 lcd-1602/lcd1602.o
                0x008001f1                led_pin
 COMMON         0x008001f2       0x5c main.o
                0x008001f2                jednokratno_gasenje
                0x008001fb                jednokratno_paljenje
                0x00800204                snap_shot_vremena
                0x0080020d                bafer
                0x00800221                vreme_trenutno
                0x0080022a                snap_vreme_gasenja
                0x00800233                vreme_paljenja
                0x0080023c                snap_vreme_paljenja
                0x00800245                vreme_gasenja
 COMMON         0x0080024e        0xa Uart/uart.o
                0x0080024e                input_char
                0x0080024f                poslato
                0x00800250                input_buffer
                0x00800258                PROVIDE (__bss_end, .)
                0x00002e5a                __data_load_start = LOADADDR (.data)
                0x00002f1a                __data_load_end = (__data_load_start + SIZEOF (.data))

.noinit         0x00800258        0x0
                [!provide]                PROVIDE (__noinit_start, .)
 *(.noinit*)
                [!provide]                PROVIDE (__noinit_end, .)
                0x00800258                _end = .
                [!provide]                PROVIDE (__heap_start, .)

.eeprom         0x00810000        0x0
 *(.eeprom*)
                0x00810000                __eeprom_end = .

.fuse
 *(.fuse)
 *(.lfuse)
 *(.hfuse)
 *(.efuse)

.lock
 *(.lock*)

.signature
 *(.signature*)

.user_signatures
 *(.user_signatures*)

.stab
 *(.stab)

.stabstr
 *(.stabstr)

.stab.excl
 *(.stab.excl)

.stab.exclstr
 *(.stab.exclstr)

.stab.index
 *(.stab.index)

.stab.indexstr
 *(.stab.indexstr)

.comment        0x00000000       0x5c
 *(.comment)
 .comment       0x00000000       0x30 ADC/ad_konverzija.o
                                 0x31 (size before relaxing)
 .comment       0x00000030       0x31 EEPROM internal/eeprom.o
 .comment       0x00000030       0x31 i2cmaster/i2cmaster.o
 .comment       0x00000030       0x31 lcd-1602/ispomoc_za_ispis.o
 .comment       0x00000030       0x31 lcd-1602/lcd1602.o
 .comment       0x00000030       0x31 main.o
 .comment       0x00000030       0x31 PCint/pin_change_interrupt.o
 .comment       0x00000030       0x31 PushButtons/tasteri.o
 .comment       0x00000030       0x31 RTC DS3231/rtc_ds3231.o
 .comment       0x00000030       0x31 Timer/tajmer.o
 .comment       0x00000030       0x31 Uart/uart.o
 .comment       0x00000030       0x31 c:/program files (x86)/atmel/studio/7.0/toolchain/avr8/avr8-gnu-toolchain/bin/../lib/gcc/avr/5.4.0/../../../../avr/lib/avr5\libc.a(dtostrf.o)
 .comment       0x00000030       0x31 c:/program files (x86)/atmel/studio/7.0/toolchain/avr8/avr8-gnu-toolchain/bin/../lib/gcc/avr/5.4.0/../../../../avr/lib/avr5\libc.a(sprintf.o)
 .comment       0x00000030       0x2c c:/program files (x86)/atmel/studio/7.0/toolchain/avr8/avr8-gnu-toolchain/bin/../lib/gcc/avr/5.4.0/../../../../avr/lib/avr5\libc.a(vfprintf_std.o)
                                 0x2d (size before relaxing)
 .comment       0x0000005c       0x31 c:/program files (x86)/atmel/studio/7.0/toolchain/avr8/avr8-gnu-toolchain/bin/../lib/gcc/avr/5.4.0/../../../../avr/lib/avr5\libc.a(dtoa_prf.o)
 .comment       0x0000005c       0x31 c:/program files (x86)/atmel/studio/7.0/toolchain/avr8/avr8-gnu-toolchain/bin/../lib/gcc/avr/5.4.0/../../../../avr/lib/avr5\libc.a(fputc.o)

.note.gnu.avr.deviceinfo
                0x00000000       0x40
 .note.gnu.avr.deviceinfo
                0x00000000       0x40 C:/Program Files (x86)/Atmel/Studio/7.0/Packs/atmel/ATmega_DFP/1.2.209/gcc/dev/atmega328p/avr5/crtatmega328p.o

.note.gnu.build-id
 *(.note.gnu.build-id)

.debug
 *(.debug)

.line
 *(.line)

.debug_srcinfo
 *(.debug_srcinfo)

.debug_sfnames
 *(.debug_sfnames)

.debug_aranges  0x00000000      0x2f0
 *(.debug_aranges)
 .debug_aranges
                0x00000000       0x30 ADC/ad_konverzija.o
 .debug_aranges
                0x00000030       0x28 EEPROM internal/eeprom.o
 .debug_aranges
                0x00000058       0x60 i2cmaster/i2cmaster.o
 .debug_aranges
                0x000000b8       0x30 lcd-1602/ispomoc_za_ispis.o
 .debug_aranges
                0x000000e8       0x58 lcd-1602/lcd1602.o
 .debug_aranges
                0x00000140       0x70 main.o
 .debug_aranges
                0x000001b0       0x28 PCint/pin_change_interrupt.o
 .debug_aranges
                0x000001d8       0x30 PushButtons/tasteri.o
 .debug_aranges
                0x00000208       0x88 RTC DS3231/rtc_ds3231.o
 .debug_aranges
                0x00000290       0x28 Timer/tajmer.o
 .debug_aranges
                0x000002b8       0x38 Uart/uart.o

.debug_pubnames
 *(.debug_pubnames)

.debug_info     0x00000000     0x31c2
 *(.debug_info .gnu.linkonce.wi.*)
 .debug_info    0x00000000      0x5f4 C:/Program Files (x86)/Atmel/Studio/7.0/Packs/atmel/ATmega_DFP/1.2.209/gcc/dev/atmega328p/avr5/crtatmega328p.o
 .debug_info    0x000005f4      0x15b ADC/ad_konverzija.o
 .debug_info    0x0000074f       0xe3 EEPROM internal/eeprom.o
 .debug_info    0x00000832      0x224 i2cmaster/i2cmaster.o
 .debug_info    0x00000a56      0x302 lcd-1602/ispomoc_za_ispis.o
 .debug_info    0x00000d58      0x70c lcd-1602/lcd1602.o
 .debug_info    0x00001464      0xdc5 main.o
 .debug_info    0x00002229       0xc8 PCint/pin_change_interrupt.o
 .debug_info    0x000022f1      0x1d2 PushButtons/tasteri.o
 .debug_info    0x000024c3      0xa03 RTC DS3231/rtc_ds3231.o
 .debug_info    0x00002ec6      0x17a Timer/tajmer.o
 .debug_info    0x00003040      0x182 Uart/uart.o

.debug_abbrev   0x00000000     0x10cb
 *(.debug_abbrev)
 .debug_abbrev  0x00000000      0x5a2 C:/Program Files (x86)/Atmel/Studio/7.0/Packs/atmel/ATmega_DFP/1.2.209/gcc/dev/atmega328p/avr5/crtatmega328p.o
 .debug_abbrev  0x000005a2       0x95 ADC/ad_konverzija.o
 .debug_abbrev  0x00000637       0x8b EEPROM internal/eeprom.o
 .debug_abbrev  0x000006c2      0x115 i2cmaster/i2cmaster.o
 .debug_abbrev  0x000007d7       0xcd lcd-1602/ispomoc_za_ispis.o
 .debug_abbrev  0x000008a4      0x191 lcd-1602/lcd1602.o
 .debug_abbrev  0x00000a35      0x256 main.o
 .debug_abbrev  0x00000c8b       0x7f PCint/pin_change_interrupt.o
 .debug_abbrev  0x00000d0a       0xfa PushButtons/tasteri.o
 .debug_abbrev  0x00000e04      0x18c RTC DS3231/rtc_ds3231.o
 .debug_abbrev  0x00000f90       0x7f Timer/tajmer.o
 .debug_abbrev  0x0000100f       0xbc Uart/uart.o

.debug_line     0x00000000     0x2146
 *(.debug_line .debug_line.* .debug_line_end)
 .debug_line    0x00000000      0x133 C:/Program Files (x86)/Atmel/Studio/7.0/Packs/atmel/ATmega_DFP/1.2.209/gcc/dev/atmega328p/avr5/crtatmega328p.o
 .debug_line    0x00000133      0x168 ADC/ad_konverzija.o
 .debug_line    0x0000029b      0x10b EEPROM internal/eeprom.o
 .debug_line    0x000003a6      0x2f1 i2cmaster/i2cmaster.o
 .debug_line    0x00000697      0x23d lcd-1602/ispomoc_za_ispis.o
 .debug_line    0x000008d4      0x2f4 lcd-1602/lcd1602.o
 .debug_line    0x00000bc8      0xc5b main.o
 .debug_line    0x00001823       0xe9 PCint/pin_change_interrupt.o
 .debug_line    0x0000190c      0x1e4 PushButtons/tasteri.o
 .debug_line    0x00001af0      0x39a RTC DS3231/rtc_ds3231.o
 .debug_line    0x00001e8a      0x13b Timer/tajmer.o
 .debug_line    0x00001fc5      0x181 Uart/uart.o

.debug_frame    0x00000000      0x894
 *(.debug_frame)
 .debug_frame   0x00000000       0x7c ADC/ad_konverzija.o
 .debug_frame   0x0000007c       0x34 EEPROM internal/eeprom.o
 .debug_frame   0x000000b0       0xb8 i2cmaster/i2cmaster.o
 .debug_frame   0x00000168      0x104 lcd-1602/ispomoc_za_ispis.o
 .debug_frame   0x0000026c       0xc0 lcd-1602/lcd1602.o
 .debug_frame   0x0000032c      0x20c main.o
 .debug_frame   0x00000538       0x44 PCint/pin_change_interrupt.o
 .debug_frame   0x0000057c       0x44 PushButtons/tasteri.o
 .debug_frame   0x000005c0      0x210 RTC DS3231/rtc_ds3231.o
 .debug_frame   0x000007d0       0x48 Timer/tajmer.o
 .debug_frame   0x00000818       0x7c Uart/uart.o

.debug_str      0x00000000      0xc30
 *(.debug_str)
 .debug_str     0x00000000      0x208 C:/Program Files (x86)/Atmel/Studio/7.0/Packs/atmel/ATmega_DFP/1.2.209/gcc/dev/atmega328p/avr5/crtatmega328p.o
 .debug_str     0x00000208      0x1d1 ADC/ad_konverzija.o
                                0x20a (size before relaxing)
 .debug_str     0x000003d9       0x46 EEPROM internal/eeprom.o
                                0x1cb (size before relaxing)
 .debug_str     0x0000041f       0x9c i2cmaster/i2cmaster.o
                                0x213 (size before relaxing)
 .debug_str     0x000004bb       0x92 lcd-1602/ispomoc_za_ispis.o
                                0x215 (size before relaxing)
 .debug_str     0x0000054d       0xdc lcd-1602/lcd1602.o
                                0x293 (size before relaxing)
 .debug_str     0x00000629      0x2a6 main.o
                                0x4e9 (size before relaxing)
 .debug_str     0x000008cf       0x33 PCint/pin_change_interrupt.o
                                0x1cf (size before relaxing)
 .debug_str     0x00000902       0xf6 PushButtons/tasteri.o
                                0x291 (size before relaxing)
 .debug_str     0x000009f8      0x101 RTC DS3231/rtc_ds3231.o
                                0x2bc (size before relaxing)
 .debug_str     0x00000af9       0xc4 Timer/tajmer.o
                                0x2c8 (size before relaxing)
 .debug_str     0x00000bbd       0x73 Uart/uart.o
                                0x20a (size before relaxing)

.debug_loc      0x00000000     0x2861
 *(.debug_loc)
 .debug_loc     0x00000000       0xb9 ADC/ad_konverzija.o
 .debug_loc     0x000000b9       0x24 EEPROM internal/eeprom.o
 .debug_loc     0x000000dd      0x19c i2cmaster/i2cmaster.o
 .debug_loc     0x00000279      0x6a5 lcd-1602/ispomoc_za_ispis.o
 .debug_loc     0x0000091e      0x64f lcd-1602/lcd1602.o
 .debug_loc     0x00000f6d      0x809 main.o
 .debug_loc     0x00001776       0x3c PCint/pin_change_interrupt.o
 .debug_loc     0x000017b2      0x186 PushButtons/tasteri.o
 .debug_loc     0x00001938      0xe19 RTC DS3231/rtc_ds3231.o
 .debug_loc     0x00002751       0x49 Timer/tajmer.o
 .debug_loc     0x0000279a       0xc7 Uart/uart.o

.debug_macinfo
 *(.debug_macinfo)

.debug_weaknames
 *(.debug_weaknames)

.debug_funcnames
 *(.debug_funcnames)

.debug_typenames
 *(.debug_typenames)

.debug_varnames
 *(.debug_varnames)

.debug_pubtypes
 *(.debug_pubtypes)

.debug_ranges   0x00000000      0x240
 *(.debug_ranges)
 .debug_ranges  0x00000000       0x20 ADC/ad_konverzija.o
 .debug_ranges  0x00000020       0x18 EEPROM internal/eeprom.o
 .debug_ranges  0x00000038       0x50 i2cmaster/i2cmaster.o
 .debug_ranges  0x00000088       0x20 lcd-1602/ispomoc_za_ispis.o
 .debug_ranges  0x000000a8       0x48 lcd-1602/lcd1602.o
 .debug_ranges  0x000000f0       0x60 main.o
 .debug_ranges  0x00000150       0x18 PCint/pin_change_interrupt.o
 .debug_ranges  0x00000168       0x20 PushButtons/tasteri.o
 .debug_ranges  0x00000188       0x78 RTC DS3231/rtc_ds3231.o
 .debug_ranges  0x00000200       0x18 Timer/tajmer.o
 .debug_ranges  0x00000218       0x28 Uart/uart.o

.debug_macro
 *(.debug_macro)
OUTPUT(timer_kwh_metar_boiler.elf elf32-avr)
LOAD linker stubs
